Archive member included to satisfy reference by file (symbol)

D:/ProgramFiles/PATH/arm-gnu-toolchain-13.3.rel1-mingw-w64-i686-arm-none-eabi/arm-gnu-toolchain-13.3.rel1-mingw-w64-i686-arm-none-eabi/bin/../lib/gcc/arm-none-eabi/13.3.1/thumb/v7e-m+fp/hard\libgcc.a(_aeabi_uldivmod.o)
                              CMakeFiles/Final_Project.elf.dir/Drivers/STM32F4xx_HAL_Driver/Src/stm32f4xx_hal_rcc.c.obj (__aeabi_uldivmod)
D:/ProgramFiles/PATH/arm-gnu-toolchain-13.3.rel1-mingw-w64-i686-arm-none-eabi/arm-gnu-toolchain-13.3.rel1-mingw-w64-i686-arm-none-eabi/bin/../lib/gcc/arm-none-eabi/13.3.1/thumb/v7e-m+fp/hard\libgcc.a(_udivmoddi4.o)
                              D:/ProgramFiles/PATH/arm-gnu-toolchain-13.3.rel1-mingw-w64-i686-arm-none-eabi/arm-gnu-toolchain-13.3.rel1-mingw-w64-i686-arm-none-eabi/bin/../lib/gcc/arm-none-eabi/13.3.1/thumb/v7e-m+fp/hard\libgcc.a(_aeabi_uldivmod.o) (__udivmoddi4)
D:/ProgramFiles/PATH/arm-gnu-toolchain-13.3.rel1-mingw-w64-i686-arm-none-eabi/arm-gnu-toolchain-13.3.rel1-mingw-w64-i686-arm-none-eabi/bin/../lib/gcc/arm-none-eabi/13.3.1/thumb/v7e-m+fp/hard\libgcc.a(_dvmd_tls.o)
                              D:/ProgramFiles/PATH/arm-gnu-toolchain-13.3.rel1-mingw-w64-i686-arm-none-eabi/arm-gnu-toolchain-13.3.rel1-mingw-w64-i686-arm-none-eabi/bin/../lib/gcc/arm-none-eabi/13.3.1/thumb/v7e-m+fp/hard\libgcc.a(_aeabi_uldivmod.o) (__aeabi_ldiv0)
D:/ProgramFiles/PATH/arm-gnu-toolchain-13.3.rel1-mingw-w64-i686-arm-none-eabi/arm-gnu-toolchain-13.3.rel1-mingw-w64-i686-arm-none-eabi/bin/../lib/gcc/arm-none-eabi/13.3.1/thumb/v7e-m+fp/hard\libg.a(libc_a-exit.o)
                              D:/ProgramFiles/PATH/arm-gnu-toolchain-13.3.rel1-mingw-w64-i686-arm-none-eabi/arm-gnu-toolchain-13.3.rel1-mingw-w64-i686-arm-none-eabi/bin/../lib/gcc/arm-none-eabi/13.3.1/thumb/v7e-m+fp/hard/crt0.o (exit)
D:/ProgramFiles/PATH/arm-gnu-toolchain-13.3.rel1-mingw-w64-i686-arm-none-eabi/arm-gnu-toolchain-13.3.rel1-mingw-w64-i686-arm-none-eabi/bin/../lib/gcc/arm-none-eabi/13.3.1/thumb/v7e-m+fp/hard\libg.a(libc_a-findfp.o)
                              CMakeFiles/Final_Project.elf.dir/Middlewares/Third_Party/FreeRTOS/Source/tasks.c.obj (__sf)
D:/ProgramFiles/PATH/arm-gnu-toolchain-13.3.rel1-mingw-w64-i686-arm-none-eabi/arm-gnu-toolchain-13.3.rel1-mingw-w64-i686-arm-none-eabi/bin/../lib/gcc/arm-none-eabi/13.3.1/thumb/v7e-m+fp/hard\libg.a(libc_a-fwalk.o)
                              D:/ProgramFiles/PATH/arm-gnu-toolchain-13.3.rel1-mingw-w64-i686-arm-none-eabi/arm-gnu-toolchain-13.3.rel1-mingw-w64-i686-arm-none-eabi/bin/../lib/gcc/arm-none-eabi/13.3.1/thumb/v7e-m+fp/hard\libg.a(libc_a-findfp.o) (_fwalk_sglue)
D:/ProgramFiles/PATH/arm-gnu-toolchain-13.3.rel1-mingw-w64-i686-arm-none-eabi/arm-gnu-toolchain-13.3.rel1-mingw-w64-i686-arm-none-eabi/bin/../lib/gcc/arm-none-eabi/13.3.1/thumb/v7e-m+fp/hard\libg.a(libc_a-sprintf.o)
                              CMakeFiles/Final_Project.elf.dir/bsp/interrupt.c.obj (sprintf)
D:/ProgramFiles/PATH/arm-gnu-toolchain-13.3.rel1-mingw-w64-i686-arm-none-eabi/arm-gnu-toolchain-13.3.rel1-mingw-w64-i686-arm-none-eabi/bin/../lib/gcc/arm-none-eabi/13.3.1/thumb/v7e-m+fp/hard\libg.a(libc_a-stdio.o)
                              D:/ProgramFiles/PATH/arm-gnu-toolchain-13.3.rel1-mingw-w64-i686-arm-none-eabi/arm-gnu-toolchain-13.3.rel1-mingw-w64-i686-arm-none-eabi/bin/../lib/gcc/arm-none-eabi/13.3.1/thumb/v7e-m+fp/hard\libg.a(libc_a-findfp.o) (__sread)
D:/ProgramFiles/PATH/arm-gnu-toolchain-13.3.rel1-mingw-w64-i686-arm-none-eabi/arm-gnu-toolchain-13.3.rel1-mingw-w64-i686-arm-none-eabi/bin/../lib/gcc/arm-none-eabi/13.3.1/thumb/v7e-m+fp/hard\libg.a(libc_a-memset.o)
                              D:/ProgramFiles/PATH/arm-gnu-toolchain-13.3.rel1-mingw-w64-i686-arm-none-eabi/arm-gnu-toolchain-13.3.rel1-mingw-w64-i686-arm-none-eabi/bin/../lib/gcc/arm-none-eabi/13.3.1/thumb/v7e-m+fp/hard/crt0.o (memset)
D:/ProgramFiles/PATH/arm-gnu-toolchain-13.3.rel1-mingw-w64-i686-arm-none-eabi/arm-gnu-toolchain-13.3.rel1-mingw-w64-i686-arm-none-eabi/bin/../lib/gcc/arm-none-eabi/13.3.1/thumb/v7e-m+fp/hard\libg.a(libc_a-closer.o)
                              D:/ProgramFiles/PATH/arm-gnu-toolchain-13.3.rel1-mingw-w64-i686-arm-none-eabi/arm-gnu-toolchain-13.3.rel1-mingw-w64-i686-arm-none-eabi/bin/../lib/gcc/arm-none-eabi/13.3.1/thumb/v7e-m+fp/hard\libg.a(libc_a-stdio.o) (_close_r)
D:/ProgramFiles/PATH/arm-gnu-toolchain-13.3.rel1-mingw-w64-i686-arm-none-eabi/arm-gnu-toolchain-13.3.rel1-mingw-w64-i686-arm-none-eabi/bin/../lib/gcc/arm-none-eabi/13.3.1/thumb/v7e-m+fp/hard\libg.a(libc_a-reent.o)
                              CMakeFiles/Final_Project.elf.dir/Middlewares/Third_Party/FreeRTOS/Source/tasks.c.obj (_reclaim_reent)
D:/ProgramFiles/PATH/arm-gnu-toolchain-13.3.rel1-mingw-w64-i686-arm-none-eabi/arm-gnu-toolchain-13.3.rel1-mingw-w64-i686-arm-none-eabi/bin/../lib/gcc/arm-none-eabi/13.3.1/thumb/v7e-m+fp/hard\libg.a(libc_a-impure.o)
[...]
Memory Configuration

Name             Origin             Length             Attributes
CCMRAM           0x10000000         0x00010000         xrw
RAM              0x20000000         0x00020000         xrw
FLASH            0x08000000         0x00100000         xr
*default*        0x00000000         0xffffffff

Linker script and memory map

LOAD D:/ProgramFiles/PATH/arm-gnu-toolchain-13.3.rel1-mingw-w64-i686-arm-none-eabi/arm-gnu-toolchain-13.3.rel1-mingw-w64-i686-arm-none-eabi/bin/../lib/gcc/arm-none-eabi/13.3.1/thumb/v7e-m+fp/hard/crti.o
LOAD D:/ProgramFiles/PATH/arm-gnu-toolchain-13.3.rel1-mingw-w64-i686-arm-none-eabi/arm-gnu-toolchain-13.3.rel1-mingw-w64-i686-arm-none-eabi/bin/../lib/gcc/arm-none-eabi/13.3.1/thumb/v7e-m+fp/hard/crtbegin.o
LOAD D:/ProgramFiles/PATH/arm-gnu-toolchain-13.3.rel1-mingw-w64-i686-arm-none-eabi/arm-gnu-toolchain-13.3.rel1-mingw-w64-i686-arm-none-eabi/bin/../lib/gcc/arm-none-eabi/13.3.1/thumb/v7e-m+fp/hard/crt0.o
LOAD CMakeFiles/Final_Project.elf.dir/Core/Src/adc.c.obj
LOAD CMakeFiles/Final_Project.elf.dir/Core/Src/can.c.obj
LOAD CMakeFiles/Final_Project.elf.dir/Core/Src/dma.c.obj
LOAD CMakeFiles/Final_Project.elf.dir/Core/Src/freertos.c.obj
LOAD CMakeFiles/Final_Project.elf.dir/Core/Src/gpio.c.obj
LOAD CMakeFiles/Final_Project.elf.dir/Core/Src/main.c.obj
LOAD CMakeFiles/Final_Project.elf.dir/Core/Src/stm32f4xx_hal_msp.c.obj
LOAD CMakeFiles/Final_Project.elf.dir/Core/Src/stm32f4xx_hal_timebase_tim.c.obj
LOAD CMakeFiles/Final_Project.elf.dir/Core/Src/stm32f4xx_it.c.obj
LOAD CMakeFiles/Final_Project.elf.dir/Core/Src/syscalls.c.obj
LOAD CMakeFiles/Final_Project.elf.dir/Core/Src/sysmem.c.obj
LOAD CMakeFiles/Final_Project.elf.dir/Core/Src/system_stm32f4xx.c.obj
LOAD CMakeFiles/Final_Project.elf.dir/Core/Src/tim.c.obj
LOAD CMakeFiles/Final_Project.elf.dir/Core/Src/usart.c.obj
LOAD CMakeFiles/Final_Project.elf.dir/Core/Startup/startup_stm32f407zgtx.s.obj
LOAD CMakeFiles/Final_Project.elf.dir/Drivers/STM32F4xx_HAL_Driver/Src/stm32f4xx_hal.c.obj
LOAD CMakeFiles/Final_Project.elf.dir/Drivers/STM32F4xx_HAL_Driver/Src/stm32f4xx_hal_adc.c.obj
LOAD CMakeFiles/Final_Project.elf.dir/Drivers/STM32F4xx_HAL_Driver/Src/stm32f4xx_hal_adc_ex.c.obj
LOAD CMakeFiles/Final_Project.elf.dir/Drivers/STM32F4xx_HAL_Driver/Src/stm32f4xx_hal_can.c.obj
LOAD CMakeFiles/Final_Project.elf.dir/Drivers/STM32F4xx_HAL_Driver/Src/stm32f4xx_hal_cortex.c.obj
LOAD CMakeFiles/Final_Project.elf.dir/Drivers/STM32F4xx_HAL_Driver/Src/stm32f4xx_hal_dma.c.obj
LOAD CMakeFiles/Final_Project.elf.dir/Drivers/STM32F4xx_HAL_Driver/Src/stm32f4xx_hal_dma_ex.c.obj
LOAD CMakeFiles/Final_Project.elf.dir/Drivers/STM32F4xx_HAL_Driver/Src/stm32f4xx_hal_exti.c.obj
LOAD CMakeFiles/Final_Project.elf.dir/Drivers/STM32F4xx_HAL_Driver/Src/stm32f4xx_hal_flash.c.obj
LOAD CMakeFiles/Final_Project.elf.dir/Drivers/STM32F4xx_HAL_Driver/Src/stm32f4xx_hal_flash_ex.c.obj
LOAD CMakeFiles/Final_Project.elf.dir/Drivers/STM32F4xx_HAL_Driver/Src/stm32f4xx_hal_flash_ramfunc.c.obj
LOAD CMakeFiles/Final_Project.elf.dir/Drivers/STM32F4xx_HAL_Driver/Src/stm32f4xx_hal_gpio.c.obj
LOAD CMakeFiles/Final_Project.elf.dir/Drivers/STM32F4xx_HAL_Driver/Src/stm32f4xx_hal_pwr.c.obj
LOAD CMakeFiles/Final_Project.elf.dir/Drivers/STM32F4xx_HAL_Driver/Src/stm32f4xx_hal_pwr_ex.c.obj
LOAD CMakeFiles/Final_Project.elf.dir/Drivers/STM32F4xx_HAL_Driver/Src/stm32f4xx_hal_rcc.c.obj
LOAD CMakeFiles/Final_Project.elf.dir/Drivers/STM32F4xx_HAL_Driver/Src/stm32f4xx_hal_rcc_ex.c.obj
LOAD CMakeFiles/Final_Project.elf.dir/Drivers/STM32F4xx_HAL_Driver/Src/stm32f4xx_hal_tim.c.obj
LOAD CMakeFiles/Final_Project.elf.dir/Drivers/STM32F4xx_HAL_Driver/Src/stm32f4xx_hal_tim_ex.c.obj
LOAD CMakeFiles/Final_Project.elf.dir/Drivers/STM32F4xx_HAL_Driver/Src/stm32f4xx_hal_uart.c.obj
LOAD CMakeFiles/Final_Project.elf.dir/Drivers/STM32F4xx_HAL_Driver/Src/stm32f4xx_ll_adc.c.obj
LOAD CMakeFiles/Final_Project.elf.dir/Middlewares/Third_Party/FreeRTOS/Source/CMSIS_RTOS_V2/cmsis_os2.c.obj
LOAD CMakeFiles/Final_Project.elf.dir/Middlewares/Third_Party/FreeRTOS/Source/croutine.c.obj
LOAD CMakeFiles/Final_Project.elf.dir/Middlewares/Third_Party/FreeRTOS/Source/event_groups.c.obj
LOAD CMakeFiles/Final_Project.elf.dir/Middlewares/Third_Party/FreeRTOS/Source/list.c.obj
LOAD CMakeFiles/Final_Project.elf.dir/Middlewares/Third_Party/FreeRTOS/Source/portable/GCC/ARM_CM4F/port.c.obj
LOAD CMakeFiles/Final_Project.elf.dir/Middlewares/Third_Party/FreeRTOS/Source/portable/MemMang/heap_4.c.obj
LOAD CMakeFiles/Final_Project.elf.dir/Middlewares/Third_Party/FreeRTOS/Source/queue.c.obj
LOAD CMakeFiles/Final_Project.elf.dir/Middlewares/Third_Party/FreeRTOS/Source/stream_buffer.c.obj
LOAD CMakeFiles/Final_Project.elf.dir/Middlewares/Third_Party/FreeRTOS/Source/tasks.c.obj
LOAD CMakeFiles/Final_Project.elf.dir/Middlewares/Third_Party/FreeRTOS/Source/timers.c.obj
LOAD CMakeFiles/Final_Project.elf.dir/bsp/can_ex.c.obj
LOAD CMakeFiles/Final_Project.elf.dir/bsp/interrupt.c.obj
LOAD CMakeFiles/Final_Project.elf.dir/bsp/led.c.obj
LOAD CMakeFiles/Final_Project.elf.dir/bsp/motor.c.obj
LOAD CMakeFiles/Final_Project.elf.dir/bsp/pid.c.obj
START GROUP
LOAD D:/ProgramFiles/PATH/arm-gnu-toolchain-13.3.rel1-mingw-w64-i686-arm-none-eabi/arm-gnu-toolchain-13.3.rel1-mingw-w64-i686-arm-none-eabi/bin/../lib/gcc/arm-none-eabi/13.3.1/thumb/v7e-m+fp/hard\libgcc.a
LOAD D:/ProgramFiles/PATH/arm-gnu-toolchain-13.3.rel1-mingw-w64-i686-arm-none-eabi/arm-gnu-toolchain-13.3.rel1-mingw-w64-i686-arm-none-eabi/bin/../lib/gcc/arm-none-eabi/13.3.1/thumb/v7e-m+fp/hard\libg.a
LOAD D:/ProgramFiles/PATH/arm-gnu-toolchain-13.3.rel1-mingw-w64-i686-arm-none-eabi/arm-gnu-toolchain-13.3.rel1-mingw-w64-i686-arm-none-eabi/bin/../lib/gcc/arm-none-eabi/13.3.1/thumb/v7e-m+fp/hard\libc.a
END GROUP
LOAD D:/ProgramFiles/PATH/arm-gnu-toolchain-13.3.rel1-mingw-w64-i686-arm-none-eabi/arm-gnu-toolchain-13.3.rel1-mingw-w64-i686-arm-none-eabi/bin/../lib/gcc/arm-none-eabi/13.3.1/thumb/v7e-m+fp/hard/crtend.o
LOAD D:/ProgramFiles/PATH/arm-gnu-toolchain-13.3.rel1-mingw-w64-i686-arm-none-eabi/arm-gnu-toolchain-13.3.rel1-mingw-w64-i686-arm-none-eabi/bin/../lib/gcc/arm-none-eabi/13.3.1/thumb/v7e-m+fp/hard/crtn.o
                0x20020000                        _estack = (ORIGIN (RAM) + LENGTH (RAM))
                0x00002000                        _Min_Heap_Size = 0x2000
                0x00001000                        _Min_Stack_Size = 0x1000

.isr_vector     0x08000000      0x188
                0x08000000                        . = ALIGN (0x4)
 *(.isr_vector)
 .isr_vector    0x08000000      0x188 CMakeFiles/Final_Project.elf.dir/Core/Startup/startup_stm32f407zgtx.s.obj
                0x08000000                g_pfnVectors
                0x08000188                        . = ALIGN (0x4)

.text           0x080001c0     0xcd68
                0x080001c0                        . = ALIGN (0x4)
 *(.text)
 .text          0x080001c0       0x30 D:/ProgramFiles/PATH/arm-gnu-toolchain-13.3.rel1-mingw-w64-i686-arm-none-eabi/arm-gnu-toolchain-13.3.rel1-mingw-w64-i686-arm-none-eabi/bin/../lib/gcc/arm-none-eabi/13.3.1/thumb/v7e-m+fp/hard\libgcc.a(_aeabi_uldivmod.o)
                0x080001c0                __aeabi_uldivmod
 .text          0x080001f0        0x4 D:/ProgramFiles/PATH/arm-gnu-toolchain-13.3.rel1-mingw-w64-i686-arm-none-eabi/arm-gnu-toolchain-13.3.rel1-mingw-w64-i686-arm-none-eabi/bin/../lib/gcc/arm-none-eabi/13.3.1/thumb/v7e-m+fp/hard\libgcc.a(_dvmd_tls.o)
                0x080001f0                __aeabi_idiv0
                0x080001f0                __aeabi_ldiv0
 .text          0x080001f4      0x134 D:/ProgramFiles/PATH/arm-gnu-toolchain-13.3.rel1-mingw-w64-i686-arm-none-eabi/arm-gnu-toolchain-13.3.rel1-mingw-w64-i686-arm-none-eabi/bin/../lib/gcc/arm-none-eabi/13.3.1/thumb/v7e-m+fp/hard\libg.a(libc_a-memcpy.o)
                0x080001f4                memcpy
 *fill*         0x08000328       0x18 
 .text          0x08000340       0xd8 D:/ProgramFiles/PATH/arm-gnu-toolchain-13.3.rel1-mingw-w64-i686-arm-none-eabi/arm-gnu-toolchain-13.3.rel1-mingw-w64-i686-arm-none-eabi/bin/../lib/gcc/arm-none-eabi/13.3.1/thumb/v7e-m+fp/hard\libg.a(libc_a-strlen.o)
                0x08000340                strlen
 *fill*         0x08000418        0x8 
 .text          0x08000420       0xa0 D:/ProgramFiles/PATH/arm-gnu-toolchain-13.3.rel1-mingw-w64-i686-arm-none-eabi/arm-gnu-toolchain-13.3.rel1-mingw-w64-i686-arm-none-eabi/bin/../lib/gcc/arm-none-eabi/13.3.1/thumb/v7e-m+fp/hard\libg.a(libc_a-memchr.o)
                0x08000420                memchr
 .text          0x080004c0      0x378 D:/ProgramFiles/PATH/arm-gnu-toolchain-13.3.rel1-mingw-w64-i686-arm-none-eabi/arm-gnu-toolchain-13.3.rel1-mingw-w64-i686-arm-none-eabi/bin/../lib/gcc/arm-none-eabi/13.3.1/thumb/v7e-m+fp/hard\libgcc.a(_arm_addsubdf3.o)
                0x080004c0                __aeabi_drsub
                0x080004c8                __aeabi_dsub
                0x080004c8                __subdf3
                0x080004cc                __aeabi_dadd
                0x080004cc                __adddf3
                0x08000744                __floatunsidf
                0x08000744                __aeabi_ui2d
                0x08000764                __floatsidf
                0x08000764                __aeabi_i2d
                0x08000788                __aeabi_f2d
                0x08000788                __extendsfdf2
                0x080007cc                __floatundidf
                0x080007cc                __aeabi_ul2d
                0x080007dc                __floatdidf
                0x080007dc                __aeabi_l2d
 .text          0x08000838      0x424 D:/ProgramFiles/PATH/arm-gnu-toolchain-13.3.rel1-mingw-w64-i686-arm-none-eabi/arm-gnu-toolchain-13.3.rel1-mingw-w64-i686-arm-none-eabi/bin/../lib/gcc/arm-none-eabi/13.3.1/thumb/v7e-m+fp/hard\libgcc.a(_arm_muldivdf3.o)
                0x08000838                __aeabi_dmul
                0x08000838                __muldf3
                0x08000a8c                __divdf3
                0x08000a8c                __aeabi_ddiv
 .text          0x08000c5c      0x110 D:/ProgramFiles/PATH/arm-gnu-toolchain-13.3.rel1-mingw-w64-i686-arm-none-eabi/arm-gnu-toolchain-13.3.rel1-mingw-w64-i686-arm-none-eabi/bin/../lib/gcc/arm-none-eabi/13.3.1/thumb/v7e-m+fp/hard\libgcc.a(_arm_cmpdf2.o)
                0x08000c5c                __gtdf2
                0x08000c5c                __gedf2
                0x08000c64                __ltdf2
                0x08000c64                __ledf2
                0x08000c6c                __nedf2
                0x08000c6c                __eqdf2
                0x08000c6c                __cmpdf2
                0x08000ce8                __aeabi_cdrcmple
                0x08000cf8                __aeabi_cdcmpeq
                0x08000cf8                __aeabi_cdcmple
                0x08000d08                __aeabi_dcmpeq
                0x08000d1c                __aeabi_dcmplt
                0x08000d30                __aeabi_dcmple
                0x08000d44                __aeabi_dcmpge
                0x08000d58                __aeabi_dcmpgt
 .text          0x08000d6c       0x2c D:/ProgramFiles/PATH/arm-gnu-toolchain-13.3.rel1-mingw-w64-i686-arm-none-eabi/arm-gnu-toolchain-13.3.rel1-mingw-w64-i686-arm-none-eabi/bin/../lib/gcc/arm-none-eabi/13.3.1/thumb/v7e-m+fp/hard\libgcc.a(_arm_unorddf2.o)
                0x08000d6c                __unorddf2
                0x08000d6c                __aeabi_dcmpun
 .text          0x08000d98       0x50 D:/ProgramFiles/PATH/arm-gnu-toolchain-13.3.rel1-mingw-w64-i686-arm-none-eabi/arm-gnu-toolchain-13.3.rel1-mingw-w64-i686-arm-none-eabi/bin/../lib/gcc/arm-none-eabi/13.3.1/thumb/v7e-m+fp/hard\libgcc.a(_arm_fixdfsi.o)
                0x08000d98                __aeabi_d2iz
                0x08000d98                __fixdfsi
 *(.text*)
 .text.deregister_tm_clones
                0x08000de8       0x1c D:/ProgramFiles/PATH/arm-gnu-toolchain-13.3.rel1-mingw-w64-i686-arm-none-eabi/arm-gnu-toolchain-13.3.rel1-mingw-w64-i686-arm-none-eabi/bin/../lib/gcc/arm-none-eabi/13.3.1/thumb/v7e-m+fp/hard/crtbegin.o
 .text.register_tm_clones
                0x08000e04       0x24 D:/ProgramFiles/PATH/arm-gnu-toolchain-13.3.rel1-mingw-w64-i686-arm-none-eabi/arm-gnu-toolchain-13.3.rel1-mingw-w64-i686-arm-none-eabi/bin/../lib/gcc/arm-none-eabi/13.3.1/thumb/v7e-m+fp/hard/crtbegin.o
 .text.__do_global_dtors_aux
                0x08000e28       0x28 D:/ProgramFiles/PATH/arm-gnu-toolchain-13.3.rel1-mingw-w64-i686-arm-none-eabi/arm-gnu-toolchain-13.3.rel1-mingw-w64-i686-arm-none-eabi/bin/../lib/gcc/arm-none-eabi/13.3.1/thumb/v7e-m+fp/hard/crtbegin.o
 .text.frame_dummy
                0x08000e50       0x24 D:/ProgramFiles/PATH/arm-gnu-toolchain-13.3.rel1-mingw-w64-i686-arm-none-eabi/arm-gnu-toolchain-13.3.rel1-mingw-w64-i686-arm-none-eabi/bin/../lib/gcc/arm-none-eabi/13.3.1/thumb/v7e-m+fp/hard/crtbegin.o
 .text.MX_ADC1_Init
                0x08000e74       0x8c CMakeFiles/Final_Project.elf.dir/Core/Src/adc.c.obj
                0x08000e74                MX_ADC1_Init
 .text.MX_ADC2_Init
                0x08000f00       0x70 CMakeFiles/Final_Project.elf.dir/Core/Src/adc.c.obj
                0x08000f00                MX_ADC2_Init
 .text.MX_ADC3_Init
                0x08000f70       0x70 CMakeFiles/Final_Project.elf.dir/Core/Src/adc.c.obj
                0x08000f70                MX_ADC3_Init
 .text.HAL_ADC_MspInit
                0x08000fe0      0x1c8 CMakeFiles/Final_Project.elf.dir/Core/Src/adc.c.obj
                0x08000fe0                HAL_ADC_MspInit
 .text.MX_CAN1_Init
                0x080011a8       0x3c CMakeFiles/Final_Project.elf.dir/Core/Src/can.c.obj
                0x080011a8                MX_CAN1_Init
 .text.MX_CAN2_Init
                0x080011e4       0x3c CMakeFiles/Final_Project.elf.dir/Core/Src/can.c.obj
                0x080011e4                MX_CAN2_Init
 .text.HAL_CAN_MspInit
                0x08001220      0x104 CMakeFiles/Final_Project.elf.dir/Core/Src/can.c.obj
                0x08001220                HAL_CAN_MspInit
 .text.MX_DMA_Init
                0x08001324       0x74 CMakeFiles/Final_Project.elf.dir/Core/Src/dma.c.obj
                0x08001324                MX_DMA_Init
 .text.Start_can1_Task
                0x08001398      0x240 CMakeFiles/Final_Project.elf.dir/Core/Src/freertos.c.obj
                0x08001398                Start_can1_Task
 .text.Start_uart6_Task
                0x080015d8       0x8c CMakeFiles/Final_Project.elf.dir/Core/Src/freertos.c.obj
                0x080015d8                Start_uart6_Task
 .text.Start_light_Task
                0x08001664       0x18 CMakeFiles/Final_Project.elf.dir/Core/Src/freertos.c.obj
                0x08001664                Start_light_Task
 .text.MX_FREERTOS_Init
                0x0800167c       0x54 CMakeFiles/Final_Project.elf.dir/Core/Src/freertos.c.obj
                0x0800167c                MX_FREERTOS_Init
 .text.MX_GPIO_Init
                0x080016d0       0x74 CMakeFiles/Final_Project.elf.dir/Core/Src/gpio.c.obj
                0x080016d0                MX_GPIO_Init
 .text.HAL_TIM_PeriodElapsedCallback
                0x08001744       0x18 CMakeFiles/Final_Project.elf.dir/Core/Src/main.c.obj
                0x08001744                HAL_TIM_PeriodElapsedCallback
 .text.Error_Handler
                0x0800175c        0x4 CMakeFiles/Final_Project.elf.dir/Core/Src/main.c.obj
                0x0800175c                Error_Handler
 .text.SystemClock_Config
                0x08001760       0xa4 CMakeFiles/Final_Project.elf.dir/Core/Src/main.c.obj
                0x08001760                SystemClock_Config
 .text.main     0x08001804       0xcc CMakeFiles/Final_Project.elf.dir/Core/Src/main.c.obj
                0x08001804                main
 .text.HAL_MspInit
                0x080018d0       0x44 CMakeFiles/Final_Project.elf.dir/Core/Src/stm32f4xx_hal_msp.c.obj
                0x080018d0                HAL_MspInit
 .text.HAL_InitTick
                0x08001914       0x98 CMakeFiles/Final_Project.elf.dir/Core/Src/stm32f4xx_hal_timebase_tim.c.obj
                0x08001914                HAL_InitTick
 .text.NMI_Handler
                0x080019ac        0x2 CMakeFiles/Final_Project.elf.dir/Core/Src/stm32f4xx_it.c.obj
                0x080019ac                NMI_Handler
 .text.HardFault_Handler
                0x080019ae        0x2 CMakeFiles/Final_Project.elf.dir/Core/Src/stm32f4xx_it.c.obj
                0x080019ae                HardFault_Handler
 .text.MemManage_Handler
                0x080019b0        0x2 CMakeFiles/Final_Project.elf.dir/Core/Src/stm32f4xx_it.c.obj
                0x080019b0                MemManage_Handler
 .text.BusFault_Handler
                0x080019b2        0x2 CMakeFiles/Final_Project.elf.dir/Core/Src/stm32f4xx_it.c.obj
                0x080019b2                BusFault_Handler
 .text.UsageFault_Handler
                0x080019b4        0x2 CMakeFiles/Final_Project.elf.dir/Core/Src/stm32f4xx_it.c.obj
                0x080019b4                UsageFault_Handler
 .text.DebugMon_Handler
                0x080019b6        0x2 CMakeFiles/Final_Project.elf.dir/Core/Src/stm32f4xx_it.c.obj
                0x080019b6                DebugMon_Handler
 .text.TIM1_UP_TIM10_IRQHandler
                0x080019b8       0x10 CMakeFiles/Final_Project.elf.dir/Core/Src/stm32f4xx_it.c.obj
                0x080019b8                TIM1_UP_TIM10_IRQHandler
 .text.USART1_IRQHandler
                0x080019c8       0x10 CMakeFiles/Final_Project.elf.dir/Core/Src/stm32f4xx_it.c.obj
                0x080019c8                USART1_IRQHandler
 .text.DMA2_Stream0_IRQHandler
                0x080019d8       0x10 CMakeFiles/Final_Project.elf.dir/Core/Src/stm32f4xx_it.c.obj
                0x080019d8                DMA2_Stream0_IRQHandler
 .text.DMA2_Stream1_IRQHandler
                0x080019e8       0x10 CMakeFiles/Final_Project.elf.dir/Core/Src/stm32f4xx_it.c.obj
                0x080019e8                DMA2_Stream1_IRQHandler
 .text.DMA2_Stream2_IRQHandler
                0x080019f8       0x10 CMakeFiles/Final_Project.elf.dir/Core/Src/stm32f4xx_it.c.obj
                0x080019f8                DMA2_Stream2_IRQHandler
 .text.DMA2_Stream5_IRQHandler
                0x08001a08       0x10 CMakeFiles/Final_Project.elf.dir/Core/Src/stm32f4xx_it.c.obj
                0x08001a08                DMA2_Stream5_IRQHandler
 .text.DMA2_Stream7_IRQHandler
                0x08001a18       0x10 CMakeFiles/Final_Project.elf.dir/Core/Src/stm32f4xx_it.c.obj
                0x08001a18                DMA2_Stream7_IRQHandler
 .text._getpid  0x08001a28        0x4 CMakeFiles/Final_Project.elf.dir/Core/Src/syscalls.c.obj
                0x08001a28                _getpid
 .text._kill    0x08001a2c       0x10 CMakeFiles/Final_Project.elf.dir/Core/Src/syscalls.c.obj
                0x08001a2c                _kill
 .text._exit    0x08001a3c        0xc CMakeFiles/Final_Project.elf.dir/Core/Src/syscalls.c.obj
                0x08001a3c                _exit
 .text._read    0x08001a48       0x20 CMakeFiles/Final_Project.elf.dir/Core/Src/syscalls.c.obj
                0x08001a48                _read
 .text._write   0x08001a68       0x1c CMakeFiles/Final_Project.elf.dir/Core/Src/syscalls.c.obj
                0x08001a68                _write
 .text._close   0x08001a84        0x6 CMakeFiles/Final_Project.elf.dir/Core/Src/syscalls.c.obj
                0x08001a84                _close
 .text._fstat   0x08001a8a        0xa CMakeFiles/Final_Project.elf.dir/Core/Src/syscalls.c.obj
                0x08001a8a                _fstat
 .text._isatty  0x08001a94        0x4 CMakeFiles/Final_Project.elf.dir/Core/Src/syscalls.c.obj
                0x08001a94                _isatty
 .text._lseek   0x08001a98        0x4 CMakeFiles/Final_Project.elf.dir/Core/Src/syscalls.c.obj
                0x08001a98                _lseek
 .text._sbrk    0x08001a9c       0x48 CMakeFiles/Final_Project.elf.dir/Core/Src/sysmem.c.obj
                0x08001a9c                _sbrk
 .text.SystemInit
                0x08001ae4       0x14 CMakeFiles/Final_Project.elf.dir/Core/Src/system_stm32f4xx.c.obj
                0x08001ae4                SystemInit
 .text.MX_TIM6_Init
                0x08001af8       0x50 CMakeFiles/Final_Project.elf.dir/Core/Src/tim.c.obj
                0x08001af8                MX_TIM6_Init
 .text.HAL_TIM_PWM_MspInit
                0x08001b48       0x30 CMakeFiles/Final_Project.elf.dir/Core/Src/tim.c.obj
                0x08001b48                HAL_TIM_PWM_MspInit
 .text.HAL_TIM_Base_MspInit
                0x08001b78       0x30 CMakeFiles/Final_Project.elf.dir/Core/Src/tim.c.obj
                0x08001b78                HAL_TIM_Base_MspInit
 .text.HAL_TIM_MspPostInit
                0x08001ba8       0x58 CMakeFiles/Final_Project.elf.dir/Core/Src/tim.c.obj
                0x08001ba8                HAL_TIM_MspPostInit
 .text.MX_TIM4_Init
                0x08001c00       0x84 CMakeFiles/Final_Project.elf.dir/Core/Src/tim.c.obj
                0x08001c00                MX_TIM4_Init
 .text.MX_USART1_UART_Init
                0x08001c84       0x34 CMakeFiles/Final_Project.elf.dir/Core/Src/usart.c.obj
                0x08001c84                MX_USART1_UART_Init
 .text.MX_USART6_UART_Init
                0x08001cb8       0x34 CMakeFiles/Final_Project.elf.dir/Core/Src/usart.c.obj
                0x08001cb8                MX_USART6_UART_Init
 .text.HAL_UART_MspInit
                0x08001cec      0x150 CMakeFiles/Final_Project.elf.dir/Core/Src/usart.c.obj
                0x08001cec                HAL_UART_MspInit
 .text.Reset_Handler
                0x08001e3c       0x50 CMakeFiles/Final_Project.elf.dir/Core/Startup/startup_stm32f407zgtx.s.obj
                0x08001e3c                Reset_Handler
 .text.Default_Handler
                0x08001e8c        0x2 CMakeFiles/Final_Project.elf.dir/Core/Startup/startup_stm32f407zgtx.s.obj
                0x08001e8c                RTC_Alarm_IRQHandler
                0x08001e8c                HASH_RNG_IRQHandler
                0x08001e8c                EXTI2_IRQHandler
                0x08001e8c                TIM8_CC_IRQHandler
                0x08001e8c                TIM1_CC_IRQHandler
                0x08001e8c                DMA1_Stream5_IRQHandler
                0x08001e8c                PVD_IRQHandler
                0x08001e8c                SDIO_IRQHandler
                0x08001e8c                TAMP_STAMP_IRQHandler
                0x08001e8c                CAN2_RX1_IRQHandler
                0x08001e8c                EXTI3_IRQHandler
                0x08001e8c                TIM8_TRG_COM_TIM14_IRQHandler
                0x08001e8c                TIM8_UP_TIM13_IRQHandler
                0x08001e8c                I2C3_ER_IRQHandler
                0x08001e8c                EXTI0_IRQHandler
                0x08001e8c                I2C2_EV_IRQHandler
                0x08001e8c                DMA1_Stream2_IRQHandler
                0x08001e8c                CAN1_RX0_IRQHandler
                0x08001e8c                FPU_IRQHandler
                0x08001e8c                OTG_HS_WKUP_IRQHandler
                0x08001e8c                CAN2_SCE_IRQHandler
                0x08001e8c                SPI1_IRQHandler
                0x08001e8c                TIM6_DAC_IRQHandler
                0x08001e8c                TIM1_BRK_TIM9_IRQHandler
                0x08001e8c                DCMI_IRQHandler
                0x08001e8c                CAN2_RX0_IRQHandler
                0x08001e8c                DMA2_Stream3_IRQHandler
                0x08001e8c                USART6_IRQHandler
                0x08001e8c                USART3_IRQHandler
                0x08001e8c                CAN1_RX1_IRQHandler
                0x08001e8c                UART5_IRQHandler
                0x08001e8c                TIM4_IRQHandler
                0x08001e8c                I2C1_EV_IRQHandler
                0x08001e8c                DMA1_Stream6_IRQHandler
                0x08001e8c                DMA1_Stream1_IRQHandler
                0x08001e8c                UART4_IRQHandler
                0x08001e8c                TIM3_IRQHandler
                0x08001e8c                RCC_IRQHandler
                0x08001e8c                TIM8_BRK_TIM12_IRQHandler
                0x08001e8c                Default_Handler
                0x08001e8c                EXTI15_10_IRQHandler
                0x08001e8c                ADC_IRQHandler
                0x08001e8c                DMA1_Stream7_IRQHandler
                0x08001e8c                TIM7_IRQHandler
                0x08001e8c                CAN2_TX_IRQHandler
                0x08001e8c                TIM5_IRQHandler
                0x08001e8c                I2C3_EV_IRQHandler
                0x08001e8c                EXTI9_5_IRQHandler
                0x08001e8c                RTC_WKUP_IRQHandler
                0x08001e8c                ETH_WKUP_IRQHandler
                0x08001e8c                SPI2_IRQHandler
                0x08001e8c                OTG_HS_EP1_IN_IRQHandler
                0x08001e8c                DMA1_Stream0_IRQHandler
                0x08001e8c                CAN1_TX_IRQHandler
                0x08001e8c                EXTI4_IRQHandler
                0x08001e8c                FSMC_IRQHandler
                0x08001e8c                ETH_IRQHandler
                0x08001e8c                OTG_HS_EP1_OUT_IRQHandler
                0x08001e8c                WWDG_IRQHandler
                0x08001e8c                TIM2_IRQHandler
                0x08001e8c                OTG_FS_WKUP_IRQHandler
                0x08001e8c                TIM1_TRG_COM_TIM11_IRQHandler
                0x08001e8c                OTG_HS_IRQHandler
                0x08001e8c                EXTI1_IRQHandler
                0x08001e8c                USART2_IRQHandler
                0x08001e8c                I2C2_ER_IRQHandler
                0x08001e8c                CAN1_SCE_IRQHandler
                0x08001e8c                FLASH_IRQHandler
                0x08001e8c                DMA2_Stream4_IRQHandler
                0x08001e8c                OTG_FS_IRQHandler
                0x08001e8c                SPI3_IRQHandler
                0x08001e8c                DMA1_Stream4_IRQHandler
                0x08001e8c                I2C1_ER_IRQHandler
                0x08001e8c                DMA2_Stream6_IRQHandler
                0x08001e8c                DMA1_Stream3_IRQHandler
 *fill*         0x08001e8e        0x2 
 .text.HAL_Init
                0x08001e90       0x34 CMakeFiles/Final_Project.elf.dir/Drivers/STM32F4xx_HAL_Driver/Src/stm32f4xx_hal.c.obj
                0x08001e90                HAL_Init
 .text.HAL_IncTick
                0x08001ec4       0x18 CMakeFiles/Final_Project.elf.dir/Drivers/STM32F4xx_HAL_Driver/Src/stm32f4xx_hal.c.obj
                0x08001ec4                HAL_IncTick
 .text.HAL_GetTick
                0x08001edc        0xc CMakeFiles/Final_Project.elf.dir/Drivers/STM32F4xx_HAL_Driver/Src/stm32f4xx_hal.c.obj
                0x08001edc                HAL_GetTick
 .text.ADC_Init
                0x08001ee8      0x134 CMakeFiles/Final_Project.elf.dir/Drivers/STM32F4xx_HAL_Driver/Src/stm32f4xx_hal_adc.c.obj
 .text.HAL_ADC_Init
                0x0800201c       0x56 CMakeFiles/Final_Project.elf.dir/Drivers/STM32F4xx_HAL_Driver/Src/stm32f4xx_hal_adc.c.obj
                0x0800201c                HAL_ADC_Init
 *fill*         0x08002072        0x2 
 .text.HAL_ADC_Start_DMA
                0x08002074      0x19c CMakeFiles/Final_Project.elf.dir/Drivers/STM32F4xx_HAL_Driver/Src/stm32f4xx_hal_adc.c.obj
                0x08002074                HAL_ADC_Start_DMA
 .text.HAL_ADC_ConvHalfCpltCallback
                0x08002210        0x2 CMakeFiles/Final_Project.elf.dir/Drivers/STM32F4xx_HAL_Driver/Src/stm32f4xx_hal_adc.c.obj
                0x08002210                HAL_ADC_ConvHalfCpltCallback
 .text.ADC_DMAHalfConvCplt
                0x08002212        0xa CMakeFiles/Final_Project.elf.dir/Drivers/STM32F4xx_HAL_Driver/Src/stm32f4xx_hal_adc.c.obj
 .text.HAL_ADC_ErrorCallback
                0x0800221c        0x2 CMakeFiles/Final_Project.elf.dir/Drivers/STM32F4xx_HAL_Driver/Src/stm32f4xx_hal_adc.c.obj
                0x0800221c                HAL_ADC_ErrorCallback
 .text.ADC_DMAError
                0x0800221e       0x16 CMakeFiles/Final_Project.elf.dir/Drivers/STM32F4xx_HAL_Driver/Src/stm32f4xx_hal_adc.c.obj
 .text.ADC_DMAConvCplt
                0x08002234       0x72 CMakeFiles/Final_Project.elf.dir/Drivers/STM32F4xx_HAL_Driver/Src/stm32f4xx_hal_adc.c.obj
 *fill*         0x080022a6        0x2 
 .text.HAL_ADC_ConfigChannel
                0x080022a8      0x194 CMakeFiles/Final_Project.elf.dir/Drivers/STM32F4xx_HAL_Driver/Src/stm32f4xx_hal_adc.c.obj
                0x080022a8                HAL_ADC_ConfigChannel
 .text.HAL_CAN_Init
                0x0800243c      0x14c CMakeFiles/Final_Project.elf.dir/Drivers/STM32F4xx_HAL_Driver/Src/stm32f4xx_hal_can.c.obj
                0x0800243c                HAL_CAN_Init
 .text.HAL_CAN_ConfigFilter
                0x08002588      0x138 CMakeFiles/Final_Project.elf.dir/Drivers/STM32F4xx_HAL_Driver/Src/stm32f4xx_hal_can.c.obj
                0x08002588                HAL_CAN_ConfigFilter
 .text.HAL_CAN_Start
                0x080026c0       0x5c CMakeFiles/Final_Project.elf.dir/Drivers/STM32F4xx_HAL_Driver/Src/stm32f4xx_hal_can.c.obj
                0x080026c0                HAL_CAN_Start
 .text.HAL_CAN_AddTxMessage
                0x0800271c       0xea CMakeFiles/Final_Project.elf.dir/Drivers/STM32F4xx_HAL_Driver/Src/stm32f4xx_hal_can.c.obj
                0x0800271c                HAL_CAN_AddTxMessage
 .text.HAL_CAN_GetRxMessage
                0x08002806      0x16a CMakeFiles/Final_Project.elf.dir/Drivers/STM32F4xx_HAL_Driver/Src/stm32f4xx_hal_can.c.obj
                0x08002806                HAL_CAN_GetRxMessage
 .text.HAL_CAN_GetRxFifoFillLevel
                0x08002970       0x26 CMakeFiles/Final_Project.elf.dir/Drivers/STM32F4xx_HAL_Driver/Src/stm32f4xx_hal_can.c.obj
                0x08002970                HAL_CAN_GetRxFifoFillLevel
 *fill*         0x08002996        0x2 
 .text.__NVIC_EnableIRQ
                0x08002998       0x1c CMakeFiles/Final_Project.elf.dir/Drivers/STM32F4xx_HAL_Driver/Src/stm32f4xx_hal_cortex.c.obj
 .text.__NVIC_SetPriority
                0x080029b4       0x28 CMakeFiles/Final_Project.elf.dir/Drivers/STM32F4xx_HAL_Driver/Src/stm32f4xx_hal_cortex.c.obj
 .text.NVIC_EncodePriority
                0x080029dc       0x3e CMakeFiles/Final_Project.elf.dir/Drivers/STM32F4xx_HAL_Driver/Src/stm32f4xx_hal_cortex.c.obj
 *fill*         0x08002a1a        0x2 
 .text.HAL_NVIC_SetPriorityGrouping
                0x08002a1c       0x24 CMakeFiles/Final_Project.elf.dir/Drivers/STM32F4xx_HAL_Driver/Src/stm32f4xx_hal_cortex.c.obj
                0x08002a1c                HAL_NVIC_SetPriorityGrouping
 .text.HAL_NVIC_SetPriority
                0x08002a40       0x20 CMakeFiles/Final_Project.elf.dir/Drivers/STM32F4xx_HAL_Driver/Src/stm32f4xx_hal_cortex.c.obj
                0x08002a40                HAL_NVIC_SetPriority
 .text.HAL_NVIC_EnableIRQ
                0x08002a60        0x8 CMakeFiles/Final_Project.elf.dir/Drivers/STM32F4xx_HAL_Driver/Src/stm32f4xx_hal_cortex.c.obj
                0x08002a60                HAL_NVIC_EnableIRQ
 .text.DMA_SetConfig
                0x08002a68       0x2c CMakeFiles/Final_Project.elf.dir/Drivers/STM32F4xx_HAL_Driver/Src/stm32f4xx_hal_dma.c.obj
 .text.DMA_CalcBaseAndBitshift
                0x08002a94       0x3c CMakeFiles/Final_Project.elf.dir/Drivers/STM32F4xx_HAL_Driver/Src/stm32f4xx_hal_dma.c.obj
 .text.DMA_CheckFifoParam
                0x08002ad0       0x8e CMakeFiles/Final_Project.elf.dir/Drivers/STM32F4xx_HAL_Driver/Src/stm32f4xx_hal_dma.c.obj
 *fill*         0x08002b5e        0x2 
 .text.HAL_DMA_Init
                0x08002b60       0xcc CMakeFiles/Final_Project.elf.dir/Drivers/STM32F4xx_HAL_Driver/Src/stm32f4xx_hal_dma.c.obj
                0x08002b60                HAL_DMA_Init
 .text.HAL_DMA_Start_IT
                0x08002c2c       0x6a CMakeFiles/Final_Project.elf.dir/Drivers/STM32F4xx_HAL_Driver/Src/stm32f4xx_hal_dma.c.obj
                0x08002c2c                HAL_DMA_Start_IT
 .text.HAL_DMA_Abort
                0x08002c96       0x94 CMakeFiles/Final_Project.elf.dir/Drivers/STM32F4xx_HAL_Driver/Src/stm32f4xx_hal_dma.c.obj
                0x08002c96                HAL_DMA_Abort
 .text.HAL_DMA_Abort_IT
                0x08002d2a       0x26 CMakeFiles/Final_Project.elf.dir/Drivers/STM32F4xx_HAL_Driver/Src/stm32f4xx_hal_dma.c.obj
                0x08002d2a                HAL_DMA_Abort_IT
 .text.HAL_DMA_IRQHandler
                0x08002d50      0x1dc CMakeFiles/Final_Project.elf.dir/Drivers/STM32F4xx_HAL_Driver/Src/stm32f4xx_hal_dma.c.obj
                0x08002d50                HAL_DMA_IRQHandler
 .text.HAL_GPIO_Init
                0x08002f2c      0x1ec CMakeFiles/Final_Project.elf.dir/Drivers/STM32F4xx_HAL_Driver/Src/stm32f4xx_hal_gpio.c.obj
                0x08002f2c                HAL_GPIO_Init
 .text.HAL_RCC_OscConfig
                0x08003118      0x3f8 CMakeFiles/Final_Project.elf.dir/Drivers/STM32F4xx_HAL_Driver/Src/stm32f4xx_hal_rcc.c.obj
                0x08003118                HAL_RCC_OscConfig
 .text.HAL_RCC_GetSysClockFreq
                0x08003510       0xdc CMakeFiles/Final_Project.elf.dir/Drivers/STM32F4xx_HAL_Driver/Src/stm32f4xx_hal_rcc.c.obj
                0x08003510                HAL_RCC_GetSysClockFreq
 .text.HAL_RCC_ClockConfig
                0x080035ec      0x160 CMakeFiles/Final_Project.elf.dir/Drivers/STM32F4xx_HAL_Driver/Src/stm32f4xx_hal_rcc.c.obj
                0x080035ec                HAL_RCC_ClockConfig
 .text.HAL_RCC_GetHCLKFreq
                0x0800374c        0xc CMakeFiles/Final_Project.elf.dir/Drivers/STM32F4xx_HAL_Driver/Src/stm32f4xx_hal_rcc.c.obj
                0x0800374c                HAL_RCC_GetHCLKFreq
 .text.HAL_RCC_GetPCLK1Freq
                0x08003758       0x20 CMakeFiles/Final_Project.elf.dir/Drivers/STM32F4xx_HAL_Driver/Src/stm32f4xx_hal_rcc.c.obj
                0x08003758                HAL_RCC_GetPCLK1Freq
 .text.HAL_RCC_GetPCLK2Freq
                0x08003778       0x20 CMakeFiles/Final_Project.elf.dir/Drivers/STM32F4xx_HAL_Driver/Src/stm32f4xx_hal_rcc.c.obj
                0x08003778                HAL_RCC_GetPCLK2Freq
 .text.HAL_RCC_GetClockConfig
                0x08003798       0x3c CMakeFiles/Final_Project.elf.dir/Drivers/STM32F4xx_HAL_Driver/Src/stm32f4xx_hal_rcc.c.obj
                0x08003798                HAL_RCC_GetClockConfig
 .text.TIM_OC1_SetConfig
                0x080037d4       0x70 CMakeFiles/Final_Project.elf.dir/Drivers/STM32F4xx_HAL_Driver/Src/stm32f4xx_hal_tim.c.obj
 .text.TIM_OC3_SetConfig
                0x08003844       0x70 CMakeFiles/Final_Project.elf.dir/Drivers/STM32F4xx_HAL_Driver/Src/stm32f4xx_hal_tim.c.obj
 .text.TIM_OC4_SetConfig
                0x080038b4       0x50 CMakeFiles/Final_Project.elf.dir/Drivers/STM32F4xx_HAL_Driver/Src/stm32f4xx_hal_tim.c.obj
 .text.HAL_TIM_Base_Start_IT
                0x08003904       0x88 CMakeFiles/Final_Project.elf.dir/Drivers/STM32F4xx_HAL_Driver/Src/stm32f4xx_hal_tim.c.obj
                0x08003904                HAL_TIM_Base_Start_IT
 .text.HAL_TIM_OC_DelayElapsedCallback
                0x0800398c        0x2 CMakeFiles/Final_Project.elf.dir/Drivers/STM32F4xx_HAL_Driver/Src/stm32f4xx_hal_tim.c.obj
                0x0800398c                HAL_TIM_OC_DelayElapsedCallback
 .text.HAL_TIM_IC_CaptureCallback
                0x0800398e        0x2 CMakeFiles/Final_Project.elf.dir/Drivers/STM32F4xx_HAL_Driver/Src/stm32f4xx_hal_tim.c.obj
                0x0800398e                HAL_TIM_IC_CaptureCallback
 .text.HAL_TIM_PWM_PulseFinishedCallback
                0x08003990        0x2 CMakeFiles/Final_Project.elf.dir/Drivers/STM32F4xx_HAL_Driver/Src/stm32f4xx_hal_tim.c.obj
                0x08003990                HAL_TIM_PWM_PulseFinishedCallback
 .text.HAL_TIM_TriggerCallback
                0x08003992        0x2 CMakeFiles/Final_Project.elf.dir/Drivers/STM32F4xx_HAL_Driver/Src/stm32f4xx_hal_tim.c.obj
                0x08003992                HAL_TIM_TriggerCallback
 .text.HAL_TIM_IRQHandler
                0x08003994      0x15e CMakeFiles/Final_Project.elf.dir/Drivers/STM32F4xx_HAL_Driver/Src/stm32f4xx_hal_tim.c.obj
                0x08003994                HAL_TIM_IRQHandler
 *fill*         0x08003af2        0x2 
 .text.TIM_Base_SetConfig
                0x08003af4       0xd8 CMakeFiles/Final_Project.elf.dir/Drivers/STM32F4xx_HAL_Driver/Src/stm32f4xx_hal_tim.c.obj
                0x08003af4                TIM_Base_SetConfig
 .text.HAL_TIM_Base_Init
                0x08003bcc       0x58 CMakeFiles/Final_Project.elf.dir/Drivers/STM32F4xx_HAL_Driver/Src/stm32f4xx_hal_tim.c.obj
                0x08003bcc                HAL_TIM_Base_Init
 .text.HAL_TIM_PWM_Init
                0x08003c24       0x58 CMakeFiles/Final_Project.elf.dir/Drivers/STM32F4xx_HAL_Driver/Src/stm32f4xx_hal_tim.c.obj
                0x08003c24                HAL_TIM_PWM_Init
 .text.TIM_OC2_SetConfig
                0x08003c7c       0x70 CMakeFiles/Final_Project.elf.dir/Drivers/STM32F4xx_HAL_Driver/Src/stm32f4xx_hal_tim.c.obj
                0x08003c7c                TIM_OC2_SetConfig
 .text.HAL_TIM_PWM_ConfigChannel
                0x08003cec       0xdc CMakeFiles/Final_Project.elf.dir/Drivers/STM32F4xx_HAL_Driver/Src/stm32f4xx_hal_tim.c.obj
                0x08003cec                HAL_TIM_PWM_ConfigChannel
 .text.TIM_CCxChannelCmd
                0x08003dc8       0x1e CMakeFiles/Final_Project.elf.dir/Drivers/STM32F4xx_HAL_Driver/Src/stm32f4xx_hal_tim.c.obj
                0x08003dc8                TIM_CCxChannelCmd
 *fill*         0x08003de6        0x2 
 .text.HAL_TIM_PWM_Start
                0x08003de8      0x104 CMakeFiles/Final_Project.elf.dir/Drivers/STM32F4xx_HAL_Driver/Src/stm32f4xx_hal_tim.c.obj
                0x08003de8                HAL_TIM_PWM_Start
 .text.HAL_TIMEx_MasterConfigSynchronization
                0x08003eec       0x8c CMakeFiles/Final_Project.elf.dir/Drivers/STM32F4xx_HAL_Driver/Src/stm32f4xx_hal_tim_ex.c.obj
                0x08003eec                HAL_TIMEx_MasterConfigSynchronization
 .text.HAL_TIMEx_CommutCallback
                0x08003f78        0x2 CMakeFiles/Final_Project.elf.dir/Drivers/STM32F4xx_HAL_Driver/Src/stm32f4xx_hal_tim_ex.c.obj
                0x08003f78                HAL_TIMEx_CommutCallback
 .text.HAL_TIMEx_BreakCallback
                0x08003f7a        0x2 CMakeFiles/Final_Project.elf.dir/Drivers/STM32F4xx_HAL_Driver/Src/stm32f4xx_hal_tim_ex.c.obj
                0x08003f7a                HAL_TIMEx_BreakCallback
 .text.UART_EndTxTransfer
                0x08003f7c       0x20 CMakeFiles/Final_Project.elf.dir/Drivers/STM32F4xx_HAL_Driver/Src/stm32f4xx_hal_uart.c.obj
 .text.UART_EndRxTransfer
                0x08003f9c       0x5c CMakeFiles/Final_Project.elf.dir/Drivers/STM32F4xx_HAL_Driver/Src/stm32f4xx_hal_uart.c.obj
 .text.UART_Transmit_IT
                0x08003ff8       0x60 CMakeFiles/Final_Project.elf.dir/Drivers/STM32F4xx_HAL_Driver/Src/stm32f4xx_hal_uart.c.obj
 .text.UART_SetConfig
                0x08004058      0x110 CMakeFiles/Final_Project.elf.dir/Drivers/STM32F4xx_HAL_Driver/Src/stm32f4xx_hal_uart.c.obj
 .text.UART_WaitOnFlagUntilTimeout
                0x08004168       0x86 CMakeFiles/Final_Project.elf.dir/Drivers/STM32F4xx_HAL_Driver/Src/stm32f4xx_hal_uart.c.obj
 .text.HAL_UART_Init
                0x080041ee       0x60 CMakeFiles/Final_Project.elf.dir/Drivers/STM32F4xx_HAL_Driver/Src/stm32f4xx_hal_uart.c.obj
                0x080041ee                HAL_UART_Init
 .text.HAL_UART_Receive
                0x0800424e       0xd2 CMakeFiles/Final_Project.elf.dir/Drivers/STM32F4xx_HAL_Driver/Src/stm32f4xx_hal_uart.c.obj
                0x0800424e                HAL_UART_Receive
 .text.HAL_UART_Transmit_DMA
                0x08004320       0x84 CMakeFiles/Final_Project.elf.dir/Drivers/STM32F4xx_HAL_Driver/Src/stm32f4xx_hal_uart.c.obj
                0x08004320                HAL_UART_Transmit_DMA
 .text.UART_DMATransmitCplt
                0x080043a4       0x4c CMakeFiles/Final_Project.elf.dir/Drivers/STM32F4xx_HAL_Driver/Src/stm32f4xx_hal_uart.c.obj
 .text.UART_EndTransmit_IT
                0x080043f0       0x1a CMakeFiles/Final_Project.elf.dir/Drivers/STM32F4xx_HAL_Driver/Src/stm32f4xx_hal_uart.c.obj
 .text.HAL_UART_TxHalfCpltCallback
                0x0800440a        0x2 CMakeFiles/Final_Project.elf.dir/Drivers/STM32F4xx_HAL_Driver/Src/stm32f4xx_hal_uart.c.obj
                0x0800440a                HAL_UART_TxHalfCpltCallback
 .text.UART_DMATxHalfCplt
                0x0800440c        0xa CMakeFiles/Final_Project.elf.dir/Drivers/STM32F4xx_HAL_Driver/Src/stm32f4xx_hal_uart.c.obj
 .text.HAL_UART_RxCpltCallback
                0x08004416        0x2 CMakeFiles/Final_Project.elf.dir/Drivers/STM32F4xx_HAL_Driver/Src/stm32f4xx_hal_uart.c.obj
                0x08004416                HAL_UART_RxCpltCallback
 .text.HAL_UART_RxHalfCpltCallback
                0x08004418        0x2 CMakeFiles/Final_Project.elf.dir/Drivers/STM32F4xx_HAL_Driver/Src/stm32f4xx_hal_uart.c.obj
                0x08004418                HAL_UART_RxHalfCpltCallback
 .text.HAL_UART_ErrorCallback
                0x0800441a        0x2 CMakeFiles/Final_Project.elf.dir/Drivers/STM32F4xx_HAL_Driver/Src/stm32f4xx_hal_uart.c.obj
                0x0800441a                HAL_UART_ErrorCallback
 .text.UART_DMAError
                0x0800441c       0x58 CMakeFiles/Final_Project.elf.dir/Drivers/STM32F4xx_HAL_Driver/Src/stm32f4xx_hal_uart.c.obj
 .text.UART_DMAAbortOnError
                0x08004474       0x10 CMakeFiles/Final_Project.elf.dir/Drivers/STM32F4xx_HAL_Driver/Src/stm32f4xx_hal_uart.c.obj
 .text.HAL_UARTEx_RxEventCallback
                0x08004484        0x2 CMakeFiles/Final_Project.elf.dir/Drivers/STM32F4xx_HAL_Driver/Src/stm32f4xx_hal_uart.c.obj
                0x08004484                HAL_UARTEx_RxEventCallback
 .text.UART_Receive_IT
                0x08004486       0xe6 CMakeFiles/Final_Project.elf.dir/Drivers/STM32F4xx_HAL_Driver/Src/stm32f4xx_hal_uart.c.obj
 .text.HAL_UART_IRQHandler
                0x0800456c      0x284 CMakeFiles/Final_Project.elf.dir/Drivers/STM32F4xx_HAL_Driver/Src/stm32f4xx_hal_uart.c.obj
                0x0800456c                HAL_UART_IRQHandler
 .text.UART_DMARxHalfCplt
                0x080047f0       0x1e CMakeFiles/Final_Project.elf.dir/Drivers/STM32F4xx_HAL_Driver/Src/stm32f4xx_hal_uart.c.obj
 .text.UART_DMAReceiveCplt
                0x0800480e       0x9a CMakeFiles/Final_Project.elf.dir/Drivers/STM32F4xx_HAL_Driver/Src/stm32f4xx_hal_uart.c.obj
 .text.UART_Start_Receive_DMA
                0x080048a8       0xa4 CMakeFiles/Final_Project.elf.dir/Drivers/STM32F4xx_HAL_Driver/Src/stm32f4xx_hal_uart.c.obj
                0x080048a8                UART_Start_Receive_DMA
 .text.HAL_UARTEx_ReceiveToIdle_DMA
                0x0800494c       0x66 CMakeFiles/Final_Project.elf.dir/Drivers/STM32F4xx_HAL_Driver/Src/stm32f4xx_hal_uart.c.obj
                0x0800494c                HAL_UARTEx_ReceiveToIdle_DMA
 .text.SysTick_Handler
                0x080049b2       0x18 CMakeFiles/Final_Project.elf.dir/Middlewares/Third_Party/FreeRTOS/Source/CMSIS_RTOS_V2/cmsis_os2.c.obj
                0x080049b2                SysTick_Handler
 *fill*         0x080049ca        0x2 
 .text.osKernelInitialize
                0x080049cc       0x24 CMakeFiles/Final_Project.elf.dir/Middlewares/Third_Party/FreeRTOS/Source/CMSIS_RTOS_V2/cmsis_os2.c.obj
                0x080049cc                osKernelInitialize
 .text.osKernelStart
                0x080049f0       0x38 CMakeFiles/Final_Project.elf.dir/Middlewares/Third_Party/FreeRTOS/Source/CMSIS_RTOS_V2/cmsis_os2.c.obj
                0x080049f0                osKernelStart
 .text.osThreadNew
                0x08004a28       0xbe CMakeFiles/Final_Project.elf.dir/Middlewares/Third_Party/FreeRTOS/Source/CMSIS_RTOS_V2/cmsis_os2.c.obj
                0x08004a28                osThreadNew
 .text.osDelay  0x08004ae6       0x1c CMakeFiles/Final_Project.elf.dir/Middlewares/Third_Party/FreeRTOS/Source/CMSIS_RTOS_V2/cmsis_os2.c.obj
                0x08004ae6                osDelay
 *fill*         0x08004b02        0x2 
 .text.vApplicationGetIdleTaskMemory
                0x08004b04       0x18 CMakeFiles/Final_Project.elf.dir/Middlewares/Third_Party/FreeRTOS/Source/CMSIS_RTOS_V2/cmsis_os2.c.obj
                0x08004b04                vApplicationGetIdleTaskMemory
 .text.vApplicationGetTimerTaskMemory
                0x08004b1c       0x18 CMakeFiles/Final_Project.elf.dir/Middlewares/Third_Party/FreeRTOS/Source/CMSIS_RTOS_V2/cmsis_os2.c.obj
                0x08004b1c                vApplicationGetTimerTaskMemory
 .text.vListInitialise
                0x08004b34       0x16 CMakeFiles/Final_Project.elf.dir/Middlewares/Third_Party/FreeRTOS/Source/list.c.obj
                0x08004b34                vListInitialise
 .text.vListInitialiseItem
                0x08004b4a        0x6 CMakeFiles/Final_Project.elf.dir/Middlewares/Third_Party/FreeRTOS/Source/list.c.obj
                0x08004b4a                vListInitialiseItem
 .text.vListInsertEnd
                0x08004b50       0x16 CMakeFiles/Final_Project.elf.dir/Middlewares/Third_Party/FreeRTOS/Source/list.c.obj
                0x08004b50                vListInsertEnd
 .text.vListInsert
                0x08004b66       0x32 CMakeFiles/Final_Project.elf.dir/Middlewares/Third_Party/FreeRTOS/Source/list.c.obj
                0x08004b66                vListInsert
 .text.uxListRemove
                0x08004b98       0x26 CMakeFiles/Final_Project.elf.dir/Middlewares/Third_Party/FreeRTOS/Source/list.c.obj
                0x08004b98                uxListRemove
 *fill*         0x08004bbe        0x2 
 .text.prvTaskExitError
                0x08004bc0       0x40 CMakeFiles/Final_Project.elf.dir/Middlewares/Third_Party/FreeRTOS/Source/portable/GCC/ARM_CM4F/port.c.obj
 .text.prvPortStartFirstTask
                0x08004c00       0x28 CMakeFiles/Final_Project.elf.dir/Middlewares/Third_Party/FreeRTOS/Source/portable/GCC/ARM_CM4F/port.c.obj
 .text.vPortEnableVFP
                0x08004c28       0x14 CMakeFiles/Final_Project.elf.dir/Middlewares/Third_Party/FreeRTOS/Source/portable/GCC/ARM_CM4F/port.c.obj
 .text.pxPortInitialiseStack
                0x08004c3c       0x2c CMakeFiles/Final_Project.elf.dir/Middlewares/Third_Party/FreeRTOS/Source/portable/GCC/ARM_CM4F/port.c.obj
                0x08004c3c                pxPortInitialiseStack
 *fill*         0x08004c68        0x8 
 .text.SVC_Handler
                0x08004c70       0x24 CMakeFiles/Final_Project.elf.dir/Middlewares/Third_Party/FreeRTOS/Source/portable/GCC/ARM_CM4F/port.c.obj
                0x08004c70                SVC_Handler
 .text.vPortEnterCritical
                0x08004c94       0x44 CMakeFiles/Final_Project.elf.dir/Middlewares/Third_Party/FreeRTOS/Source/portable/GCC/ARM_CM4F/port.c.obj
                0x08004c94                vPortEnterCritical
 .text.vPortExitCritical
                0x08004cd8       0x2c CMakeFiles/Final_Project.elf.dir/Middlewares/Third_Party/FreeRTOS/Source/portable/GCC/ARM_CM4F/port.c.obj
                0x08004cd8                vPortExitCritical
 *fill*         0x08004d04        0xc 
 .text.PendSV_Handler
                0x08004d10       0x64 CMakeFiles/Final_Project.elf.dir/Middlewares/Third_Party/FreeRTOS/Source/portable/GCC/ARM_CM4F/port.c.obj
                0x08004d10                PendSV_Handler
 .text.xPortSysTickHandler
                0x08004d74       0x2c CMakeFiles/Final_Project.elf.dir/Middlewares/Third_Party/FreeRTOS/Source/portable/GCC/ARM_CM4F/port.c.obj
                0x08004d74                xPortSysTickHandler
 .text.vPortSetupTimerInterrupt
                0x08004da0       0x28 CMakeFiles/Final_Project.elf.dir/Middlewares/Third_Party/FreeRTOS/Source/portable/GCC/ARM_CM4F/port.c.obj
                0x08004da0                vPortSetupTimerInterrupt
 .text.xPortStartScheduler
                0x08004dc8      0x118 CMakeFiles/Final_Project.elf.dir/Middlewares/Third_Party/FreeRTOS/Source/portable/GCC/ARM_CM4F/port.c.obj
                0x08004dc8                xPortStartScheduler
 .text.vPortValidateInterruptPriority
                0x08004ee0       0x5c CMakeFiles/Final_Project.elf.dir/Middlewares/Third_Party/FreeRTOS/Source/portable/GCC/ARM_CM4F/port.c.obj
                0x08004ee0                vPortValidateInterruptPriority
 .text.prvHeapInit
                0x08004f3c       0x64 CMakeFiles/Final_Project.elf.dir/Middlewares/Third_Party/FreeRTOS/Source/portable/MemMang/heap_4.c.obj
 .text.prvInsertBlockIntoFreeList
                0x08004fa0       0x64 CMakeFiles/Final_Project.elf.dir/Middlewares/Third_Party/FreeRTOS/Source/portable/MemMang/heap_4.c.obj
 .text.pvPortMalloc
                0x08005004      0x104 CMakeFiles/Final_Project.elf.dir/Middlewares/Third_Party/FreeRTOS/Source/portable/MemMang/heap_4.c.obj
                0x08005004                pvPortMalloc
 .text.vPortFree
                0x08005108       0x7c CMakeFiles/Final_Project.elf.dir/Middlewares/Third_Party/FreeRTOS/Source/portable/MemMang/heap_4.c.obj
                0x08005108                vPortFree
 .text.prvIsQueueFull
                0x08005184       0x1e CMakeFiles/Final_Project.elf.dir/Middlewares/Third_Party/FreeRTOS/Source/queue.c.obj
 .text.prvIsQueueEmpty
                0x080051a2       0x1a CMakeFiles/Final_Project.elf.dir/Middlewares/Third_Party/FreeRTOS/Source/queue.c.obj
 .text.prvCopyDataToQueue
                0x080051bc       0x76 CMakeFiles/Final_Project.elf.dir/Middlewares/Third_Party/FreeRTOS/Source/queue.c.obj
 .text.prvCopyDataFromQueue
                0x08005232       0x24 CMakeFiles/Final_Project.elf.dir/Middlewares/Third_Party/FreeRTOS/Source/queue.c.obj
 .text.prvUnlockQueue
                0x08005256       0x6e CMakeFiles/Final_Project.elf.dir/Middlewares/Third_Party/FreeRTOS/Source/queue.c.obj
 .text.xQueueGenericReset
                0x080052c4       0x84 CMakeFiles/Final_Project.elf.dir/Middlewares/Third_Party/FreeRTOS/Source/queue.c.obj
                0x080052c4                xQueueGenericReset
 .text.prvInitialiseNewQueue
                0x08005348       0x22 CMakeFiles/Final_Project.elf.dir/Middlewares/Third_Party/FreeRTOS/Source/queue.c.obj
 .text.xQueueGenericCreateStatic
                0x0800536a       0x94 CMakeFiles/Final_Project.elf.dir/Middlewares/Third_Party/FreeRTOS/Source/queue.c.obj
                0x0800536a                xQueueGenericCreateStatic
 .text.xQueueGenericSend
                0x080053fe      0x188 CMakeFiles/Final_Project.elf.dir/Middlewares/Third_Party/FreeRTOS/Source/queue.c.obj
                0x080053fe                xQueueGenericSend
 .text.xQueueGenericSendFromISR
                0x08005586       0xce CMakeFiles/Final_Project.elf.dir/Middlewares/Third_Party/FreeRTOS/Source/queue.c.obj
                0x08005586                xQueueGenericSendFromISR
 .text.xQueueReceive
                0x08005654      0x15e CMakeFiles/Final_Project.elf.dir/Middlewares/Third_Party/FreeRTOS/Source/queue.c.obj
                0x08005654                xQueueReceive
 *fill*         0x080057b2        0x2 
 .text.vQueueAddToRegistry
                0x080057b4       0x28 CMakeFiles/Final_Project.elf.dir/Middlewares/Third_Party/FreeRTOS/Source/queue.c.obj
                0x080057b4                vQueueAddToRegistry
 .text.vQueueWaitForMessageRestricted
                0x080057dc       0x52 CMakeFiles/Final_Project.elf.dir/Middlewares/Third_Party/FreeRTOS/Source/queue.c.obj
                0x080057dc                vQueueWaitForMessageRestricted
 *fill*         0x0800582e        0x2 
 .text.prvResetNextTaskUnblockTime
                0x08005830       0x2c CMakeFiles/Final_Project.elf.dir/Middlewares/Third_Party/FreeRTOS/Source/tasks.c.obj
 .text.prvInitialiseNewTask
                0x0800585c      0x104 CMakeFiles/Final_Project.elf.dir/Middlewares/Third_Party/FreeRTOS/Source/tasks.c.obj
 .text.prvInitialiseTaskLists
                0x08005960       0x68 CMakeFiles/Final_Project.elf.dir/Middlewares/Third_Party/FreeRTOS/Source/tasks.c.obj
 .text.prvAddNewTaskToReadyList
                0x080059c8       0xac CMakeFiles/Final_Project.elf.dir/Middlewares/Third_Party/FreeRTOS/Source/tasks.c.obj
 .text.prvDeleteTCB
                0x08005a74       0x40 CMakeFiles/Final_Project.elf.dir/Middlewares/Third_Party/FreeRTOS/Source/tasks.c.obj
 .text.prvCheckTasksWaitingTermination
                0x08005ab4       0x4c CMakeFiles/Final_Project.elf.dir/Middlewares/Third_Party/FreeRTOS/Source/tasks.c.obj
 .text.prvIdleTask
                0x08005b00       0x28 CMakeFiles/Final_Project.elf.dir/Middlewares/Third_Party/FreeRTOS/Source/tasks.c.obj
 .text.prvAddCurrentTaskToDelayedList
                0x08005b28       0x7c CMakeFiles/Final_Project.elf.dir/Middlewares/Third_Party/FreeRTOS/Source/tasks.c.obj
 .text.xTaskCreateStatic
                0x08005ba4       0x7a CMakeFiles/Final_Project.elf.dir/Middlewares/Third_Party/FreeRTOS/Source/tasks.c.obj
                0x08005ba4                xTaskCreateStatic
 .text.xTaskCreate
                0x08005c1e       0x66 CMakeFiles/Final_Project.elf.dir/Middlewares/Third_Party/FreeRTOS/Source/tasks.c.obj
                0x08005c1e                xTaskCreate
 .text.vTaskStartScheduler
                0x08005c84       0xac CMakeFiles/Final_Project.elf.dir/Middlewares/Third_Party/FreeRTOS/Source/tasks.c.obj
                0x08005c84                vTaskStartScheduler
 .text.vTaskSuspendAll
                0x08005d30       0x10 CMakeFiles/Final_Project.elf.dir/Middlewares/Third_Party/FreeRTOS/Source/tasks.c.obj
                0x08005d30                vTaskSuspendAll
 .text.xTaskGetTickCount
                0x08005d40        0xc CMakeFiles/Final_Project.elf.dir/Middlewares/Third_Party/FreeRTOS/Source/tasks.c.obj
                0x08005d40                xTaskGetTickCount
 .text.xTaskIncrementTick
                0x08005d4c      0x118 CMakeFiles/Final_Project.elf.dir/Middlewares/Third_Party/FreeRTOS/Source/tasks.c.obj
                0x08005d4c                xTaskIncrementTick
 .text.xTaskResumeAll
                0x08005e64       0xf8 CMakeFiles/Final_Project.elf.dir/Middlewares/Third_Party/FreeRTOS/Source/tasks.c.obj
                0x08005e64                xTaskResumeAll
 .text.vTaskDelay
                0x08005f5c       0x4c CMakeFiles/Final_Project.elf.dir/Middlewares/Third_Party/FreeRTOS/Source/tasks.c.obj
                0x08005f5c                vTaskDelay
 .text.vTaskSwitchContext
                0x08005fa8       0xa4 CMakeFiles/Final_Project.elf.dir/Middlewares/Third_Party/FreeRTOS/Source/tasks.c.obj
                0x08005fa8                vTaskSwitchContext
 .text.vTaskPlaceOnEventList
                0x0800604c       0x30 CMakeFiles/Final_Project.elf.dir/Middlewares/Third_Party/FreeRTOS/Source/tasks.c.obj
                0x0800604c                vTaskPlaceOnEventList
 .text.vTaskPlaceOnEventListRestricted
                0x0800607c       0x38 CMakeFiles/Final_Project.elf.dir/Middlewares/Third_Party/FreeRTOS/Source/tasks.c.obj
                0x0800607c                vTaskPlaceOnEventListRestricted
 .text.xTaskRemoveFromEventList
                0x080060b4       0x8c CMakeFiles/Final_Project.elf.dir/Middlewares/Third_Party/FreeRTOS/Source/tasks.c.obj
                0x080060b4                xTaskRemoveFromEventList
 .text.vTaskInternalSetTimeOutState
                0x08006140       0x18 CMakeFiles/Final_Project.elf.dir/Middlewares/Third_Party/FreeRTOS/Source/tasks.c.obj
                0x08006140                vTaskInternalSetTimeOutState
 .text.xTaskCheckForTimeOut
                0x08006158       0x84 CMakeFiles/Final_Project.elf.dir/Middlewares/Third_Party/FreeRTOS/Source/tasks.c.obj
                0x08006158                xTaskCheckForTimeOut
 .text.vTaskMissedYield
                0x080061dc        0xc CMakeFiles/Final_Project.elf.dir/Middlewares/Third_Party/FreeRTOS/Source/tasks.c.obj
                0x080061dc                vTaskMissedYield
 .text.xTaskGetSchedulerState
                0x080061e8       0x20 CMakeFiles/Final_Project.elf.dir/Middlewares/Third_Party/FreeRTOS/Source/tasks.c.obj
                0x080061e8                xTaskGetSchedulerState
 .text.xTaskPriorityDisinherit
                0x08006208       0x90 CMakeFiles/Final_Project.elf.dir/Middlewares/Third_Party/FreeRTOS/Source/tasks.c.obj
                0x08006208                xTaskPriorityDisinherit
 .text.prvGetNextExpireTime
                0x08006298       0x20 CMakeFiles/Final_Project.elf.dir/Middlewares/Third_Party/FreeRTOS/Source/timers.c.obj
 .text.prvInsertTimerInActiveList
                0x080062b8       0x48 CMakeFiles/Final_Project.elf.dir/Middlewares/Third_Party/FreeRTOS/Source/timers.c.obj
 .text.prvCheckForValidListAndQueue
                0x08006300       0x70 CMakeFiles/Final_Project.elf.dir/Middlewares/Third_Party/FreeRTOS/Source/timers.c.obj
 .text.xTimerCreateTimerTask
                0x08006370       0x64 CMakeFiles/Final_Project.elf.dir/Middlewares/Third_Party/FreeRTOS/Source/timers.c.obj
                0x08006370                xTimerCreateTimerTask
 .text.xTimerGenericCommand
                0x080063d4       0x6c CMakeFiles/Final_Project.elf.dir/Middlewares/Third_Party/FreeRTOS/Source/timers.c.obj
                0x080063d4                xTimerGenericCommand
 .text.prvSwitchTimerLists
                0x08006440       0x7c CMakeFiles/Final_Project.elf.dir/Middlewares/Third_Party/FreeRTOS/Source/timers.c.obj
 .text.prvSampleTimeNow
                0x080064bc       0x2c CMakeFiles/Final_Project.elf.dir/Middlewares/Third_Party/FreeRTOS/Source/timers.c.obj
 .text.prvProcessExpiredTimer
                0x080064e8       0x6c CMakeFiles/Final_Project.elf.dir/Middlewares/Third_Party/FreeRTOS/Source/timers.c.obj
 .text.prvProcessTimerOrBlockTask
                0x08006554       0x74 CMakeFiles/Final_Project.elf.dir/Middlewares/Third_Party/FreeRTOS/Source/timers.c.obj
 .text.prvProcessReceivedCommands
                0x080065c8      0x10c CMakeFiles/Final_Project.elf.dir/Middlewares/Third_Party/FreeRTOS/Source/timers.c.obj
 .text.prvTimerTask
                0x080066d4       0x16 CMakeFiles/Final_Project.elf.dir/Middlewares/Third_Party/FreeRTOS/Source/timers.c.obj
 *fill*         0x080066ea        0x2 
 .text.CAN1_FilterTypeDef_Init
                0x080066ec       0x34 CMakeFiles/Final_Project.elf.dir/bsp/can_ex.c.obj
                0x080066ec                CAN1_FilterTypeDef_Init
 .text.CAN2_FilterTypeDef_Init
                0x08006720       0x34 CMakeFiles/Final_Project.elf.dir/bsp/can_ex.c.obj
                0x08006720                CAN2_FilterTypeDef_Init
 .text.CAN1_TxHeaderType_Init
                0x08006754       0x18 CMakeFiles/Final_Project.elf.dir/bsp/can_ex.c.obj
                0x08006754                CAN1_TxHeaderType_Init
 .text.CAN2_TxHeaderType_Init
                0x0800676c       0x18 CMakeFiles/Final_Project.elf.dir/bsp/can_ex.c.obj
                0x0800676c                CAN2_TxHeaderType_Init
 .text.HAL_ADC_ConvCpltCallback
                0x08006784      0x100 CMakeFiles/Final_Project.elf.dir/bsp/interrupt.c.obj
                0x08006784                HAL_ADC_ConvCpltCallback
 .text.HAL_UART_TxCpltCallback
                0x08006884       0x1c CMakeFiles/Final_Project.elf.dir/bsp/interrupt.c.obj
                0x08006884                HAL_UART_TxCpltCallback
 .text.BreathingLamp_proc
                0x080068a0       0x70 CMakeFiles/Final_Project.elf.dir/bsp/led.c.obj
                0x080068a0                BreathingLamp_proc
 .text.get_moto_measure
                0x08006910       0x80 CMakeFiles/Final_Project.elf.dir/bsp/motor.c.obj
                0x08006910                get_moto_measure
 .text.get_moto_offset
                0x08006990        0xe CMakeFiles/Final_Project.elf.dir/bsp/motor.c.obj
                0x08006990                get_moto_offset
 .text.get_total_angle
                0x0800699e       0x3e CMakeFiles/Final_Project.elf.dir/bsp/motor.c.obj
                0x0800699e                get_total_angle
 .text.set_moto_current
                0x080069dc       0x26 CMakeFiles/Final_Project.elf.dir/bsp/motor.c.obj
                0x080069dc                set_moto_current
 .text.pid_param_init
                0x08006a02       0x14 CMakeFiles/Final_Project.elf.dir/bsp/pid.c.obj
 .text.pid_reset
                0x08006a16        0xe CMakeFiles/Final_Project.elf.dir/bsp/pid.c.obj
 .text.abs_limit
                0x08006a24       0x2a CMakeFiles/Final_Project.elf.dir/bsp/pid.c.obj
                0x08006a24                abs_limit
 *fill*         0x08006a4e        0x2 
 .text.pid_calc
                0x08006a50      0x1b0 CMakeFiles/Final_Project.elf.dir/bsp/pid.c.obj
                0x08006a50                pid_calc
 .text.PID_struct_init
                0x08006c00       0x18 CMakeFiles/Final_Project.elf.dir/bsp/pid.c.obj
                0x08006c00                PID_struct_init
 .text.__udivmoddi4
                0x08006c18      0x2bc D:/ProgramFiles/PATH/arm-gnu-toolchain-13.3.rel1-mingw-w64-i686-arm-none-eabi/arm-gnu-toolchain-13.3.rel1-mingw-w64-i686-arm-none-eabi/bin/../lib/gcc/arm-none-eabi/13.3.1/thumb/v7e-m+fp/hard\libgcc.a(_udivmoddi4.o)
                0x08006c18                __udivmoddi4
 .text.stdio_exit_handler
                0x08006ed4       0x18 D:/ProgramFiles/PATH/arm-gnu-toolchain-13.3.rel1-mingw-w64-i686-arm-none-eabi/arm-gnu-toolchain-13.3.rel1-mingw-w64-i686-arm-none-eabi/bin/../lib/gcc/arm-none-eabi/13.3.1/thumb/v7e-m+fp/hard\libg.a(libc_a-findfp.o)
 .text.cleanup_stdio
                0x08006eec       0x40 D:/ProgramFiles/PATH/arm-gnu-toolchain-13.3.rel1-mingw-w64-i686-arm-none-eabi/arm-gnu-toolchain-13.3.rel1-mingw-w64-i686-arm-none-eabi/bin/../lib/gcc/arm-none-eabi/13.3.1/thumb/v7e-m+fp/hard\libg.a(libc_a-findfp.o)
 .text.global_stdio_init.part.0
                0x08006f2c       0xf0 D:/ProgramFiles/PATH/arm-gnu-toolchain-13.3.rel1-mingw-w64-i686-arm-none-eabi/arm-gnu-toolchain-13.3.rel1-mingw-w64-i686-arm-none-eabi/bin/../lib/gcc/arm-none-eabi/13.3.1/thumb/v7e-m+fp/hard\libg.a(libc_a-findfp.o)
 .text.__sinit  0x0800701c       0x3c D:/ProgramFiles/PATH/arm-gnu-toolchain-13.3.rel1-mingw-w64-i686-arm-none-eabi/arm-gnu-toolchain-13.3.rel1-mingw-w64-i686-arm-none-eabi/bin/../lib/gcc/arm-none-eabi/13.3.1/thumb/v7e-m+fp/hard\libg.a(libc_a-findfp.o)
                0x0800701c                __sinit
 .text.__sfp_lock_acquire
                0x08007058        0xc D:/ProgramFiles/PATH/arm-gnu-toolchain-13.3.rel1-mingw-w64-i686-arm-none-eabi/arm-gnu-toolchain-13.3.rel1-mingw-w64-i686-arm-none-eabi/bin/../lib/gcc/arm-none-eabi/13.3.1/thumb/v7e-m+fp/hard\libg.a(libc_a-findfp.o)
                0x08007058                __sfp_lock_acquire
 .text.__sfp_lock_release
                0x08007064        0xc D:/ProgramFiles/PATH/arm-gnu-toolchain-13.3.rel1-mingw-w64-i686-arm-none-eabi/arm-gnu-toolchain-13.3.rel1-mingw-w64-i686-arm-none-eabi/bin/../lib/gcc/arm-none-eabi/13.3.1/thumb/v7e-m+fp/hard\libg.a(libc_a-findfp.o)
                0x08007064                __sfp_lock_release
 .text._fwalk_sglue
                0x08007070       0x44 D:/ProgramFiles/PATH/arm-gnu-toolchain-13.3.rel1-mingw-w64-i686-arm-none-eabi/arm-gnu-toolchain-13.3.rel1-mingw-w64-i686-arm-none-eabi/bin/../lib/gcc/arm-none-eabi/13.3.1/thumb/v7e-m+fp/hard\libg.a(libc_a-fwalk.o)
                0x08007070                _fwalk_sglue
 .text.sprintf  0x080070b4       0x44 D:/ProgramFiles/PATH/arm-gnu-toolchain-13.3.rel1-mingw-w64-i686-arm-none-eabi/arm-gnu-toolchain-13.3.rel1-mingw-w64-i686-arm-none-eabi/bin/../lib/gcc/arm-none-eabi/13.3.1/thumb/v7e-m+fp/hard\libg.a(libc_a-sprintf.o)
                0x080070b4                sprintf
 .text.__sread  0x080070f8       0x24 D:/ProgramFiles/PATH/arm-gnu-toolchain-13.3.rel1-mingw-w64-i686-arm-none-eabi/arm-gnu-toolchain-13.3.rel1-mingw-w64-i686-arm-none-eabi/bin/../lib/gcc/arm-none-eabi/13.3.1/thumb/v7e-m+fp/hard\libg.a(libc_a-stdio.o)
                0x080070f8                __sread
 .text.__swrite
                0x0800711c       0x40 D:/ProgramFiles/PATH/arm-gnu-toolchain-13.3.rel1-mingw-w64-i686-arm-none-eabi/arm-gnu-toolchain-13.3.rel1-mingw-w64-i686-arm-none-eabi/bin/../lib/gcc/arm-none-eabi/13.3.1/thumb/v7e-m+fp/hard\libg.a(libc_a-stdio.o)
                0x0800711c                __swrite
 .text.__sseek  0x0800715c       0x24 D:/ProgramFiles/PATH/arm-gnu-toolchain-13.3.rel1-mingw-w64-i686-arm-none-eabi/arm-gnu-toolchain-13.3.rel1-mingw-w64-i686-arm-none-eabi/bin/../lib/gcc/arm-none-eabi/13.3.1/thumb/v7e-m+fp/hard\libg.a(libc_a-stdio.o)
                0x0800715c                __sseek
 .text.__sclose
                0x08007180        0x8 D:/ProgramFiles/PATH/arm-gnu-toolchain-13.3.rel1-mingw-w64-i686-arm-none-eabi/arm-gnu-toolchain-13.3.rel1-mingw-w64-i686-arm-none-eabi/bin/../lib/gcc/arm-none-eabi/13.3.1/thumb/v7e-m+fp/hard\libg.a(libc_a-stdio.o)
                0x08007180                __sclose
 .text.memset   0x08007188       0xa4 D:/ProgramFiles/PATH/arm-gnu-toolchain-13.3.rel1-mingw-w64-i686-arm-none-eabi/arm-gnu-toolchain-13.3.rel1-mingw-w64-i686-arm-none-eabi/bin/../lib/gcc/arm-none-eabi/13.3.1/thumb/v7e-m+fp/hard\libg.a(libc_a-memset.o)
                0x08007188                memset
 .text._close_r
                0x0800722c       0x24 D:/ProgramFiles/PATH/arm-gnu-toolchain-13.3.rel1-mingw-w64-i686-arm-none-eabi/arm-gnu-toolchain-13.3.rel1-mingw-w64-i686-arm-none-eabi/bin/../lib/gcc/arm-none-eabi/13.3.1/thumb/v7e-m+fp/hard\libg.a(libc_a-closer.o)
                0x0800722c                _close_r
 .text._reclaim_reent
                0x08007250       0x6c D:/ProgramFiles/PATH/arm-gnu-toolchain-13.3.rel1-mingw-w64-i686-arm-none-eabi/arm-gnu-toolchain-13.3.rel1-mingw-w64-i686-arm-none-eabi/bin/../lib/gcc/arm-none-eabi/13.3.1/thumb/v7e-m+fp/hard\libg.a(libc_a-reent.o)
                0x08007250                _reclaim_reent
 .text._lseek_r
                0x080072bc       0x2c D:/ProgramFiles/PATH/arm-gnu-toolchain-13.3.rel1-mingw-w64-i686-arm-none-eabi/arm-gnu-toolchain-13.3.rel1-mingw-w64-i686-arm-none-eabi/bin/../lib/gcc/arm-none-eabi/13.3.1/thumb/v7e-m+fp/hard\libg.a(libc_a-lseekr.o)
                0x080072bc                _lseek_r
 .text._read_r  0x080072e8       0x2c D:/ProgramFiles/PATH/arm-gnu-toolchain-13.3.rel1-mingw-w64-i686-arm-none-eabi/arm-gnu-toolchain-13.3.rel1-mingw-w64-i686-arm-none-eabi/bin/../lib/gcc/arm-none-eabi/13.3.1/thumb/v7e-m+fp/hard\libg.a(libc_a-readr.o)
                0x080072e8                _read_r
 .text._write_r
                0x08007314       0x2c D:/ProgramFiles/PATH/arm-gnu-toolchain-13.3.rel1-mingw-w64-i686-arm-none-eabi/arm-gnu-toolchain-13.3.rel1-mingw-w64-i686-arm-none-eabi/bin/../lib/gcc/arm-none-eabi/13.3.1/thumb/v7e-m+fp/hard\libg.a(libc_a-writer.o)
                0x08007314                _write_r
 .text.__errno  0x08007340        0xc D:/ProgramFiles/PATH/arm-gnu-toolchain-13.3.rel1-mingw-w64-i686-arm-none-eabi/arm-gnu-toolchain-13.3.rel1-mingw-w64-i686-arm-none-eabi/bin/../lib/gcc/arm-none-eabi/13.3.1/thumb/v7e-m+fp/hard\libg.a(libc_a-errno.o)
                0x08007340                __errno
 .text.__libc_init_array
                0x0800734c       0x50 D:/ProgramFiles/PATH/arm-gnu-toolchain-13.3.rel1-mingw-w64-i686-arm-none-eabi/arm-gnu-toolchain-13.3.rel1-mingw-w64-i686-arm-none-eabi/bin/../lib/gcc/arm-none-eabi/13.3.1/thumb/v7e-m+fp/hard\libg.a(libc_a-init.o)
                0x0800734c                __libc_init_array
 .text.__retarget_lock_init_recursive
                0x0800739c        0x4 D:/ProgramFiles/PATH/arm-gnu-toolchain-13.3.rel1-mingw-w64-i686-arm-none-eabi/arm-gnu-toolchain-13.3.rel1-mingw-w64-i686-arm-none-eabi/bin/../lib/gcc/arm-none-eabi/13.3.1/thumb/v7e-m+fp/hard\libg.a(libc_a-lock.o)
                0x0800739c                __retarget_lock_init_recursive
 .text.__retarget_lock_close_recursive
                0x080073a0        0x4 D:/ProgramFiles/PATH/arm-gnu-toolchain-13.3.rel1-mingw-w64-i686-arm-none-eabi/arm-gnu-toolchain-13.3.rel1-mingw-w64-i686-arm-none-eabi/bin/../lib/gcc/arm-none-eabi/13.3.1/thumb/v7e-m+fp/hard\libg.a(libc_a-lock.o)
                0x080073a0                __retarget_lock_close_recursive
 .text.__retarget_lock_acquire_recursive
                0x080073a4        0x4 D:/ProgramFiles/PATH/arm-gnu-toolchain-13.3.rel1-mingw-w64-i686-arm-none-eabi/arm-gnu-toolchain-13.3.rel1-mingw-w64-i686-arm-none-eabi/bin/../lib/gcc/arm-none-eabi/13.3.1/thumb/v7e-m+fp/hard\libg.a(libc_a-lock.o)
                0x080073a4                __retarget_lock_acquire_recursive
 .text.__retarget_lock_release_recursive
                0x080073a8        0x4 D:/ProgramFiles/PATH/arm-gnu-toolchain-13.3.rel1-mingw-w64-i686-arm-none-eabi/arm-gnu-toolchain-13.3.rel1-mingw-w64-i686-arm-none-eabi/bin/../lib/gcc/arm-none-eabi/13.3.1/thumb/v7e-m+fp/hard\libg.a(libc_a-lock.o)
                0x080073a8                __retarget_lock_release_recursive
 .text.startup.register_fini
                0x080073ac       0x14 D:/ProgramFiles/PATH/arm-gnu-toolchain-13.3.rel1-mingw-w64-i686-arm-none-eabi/arm-gnu-toolchain-13.3.rel1-mingw-w64-i686-arm-none-eabi/bin/../lib/gcc/arm-none-eabi/13.3.1/thumb/v7e-m+fp/hard\libg.a(libc_a-__call_atexit.o)
 .text.atexit   0x080073c0        0xc D:/ProgramFiles/PATH/arm-gnu-toolchain-13.3.rel1-mingw-w64-i686-arm-none-eabi/arm-gnu-toolchain-13.3.rel1-mingw-w64-i686-arm-none-eabi/bin/../lib/gcc/arm-none-eabi/13.3.1/thumb/v7e-m+fp/hard\libg.a(libc_a-atexit.o)
                0x080073c0                atexit
 .text._malloc_trim_r
                0x080073cc       0xb8 D:/ProgramFiles/PATH/arm-gnu-toolchain-13.3.rel1-mingw-w64-i686-arm-none-eabi/arm-gnu-toolchain-13.3.rel1-mingw-w64-i686-arm-none-eabi/bin/../lib/gcc/arm-none-eabi/13.3.1/thumb/v7e-m+fp/hard\libg.a(libc_a-freer.o)
                0x080073cc                _malloc_trim_r
 .text._free_r  0x08007484      0x1f8 D:/ProgramFiles/PATH/arm-gnu-toolchain-13.3.rel1-mingw-w64-i686-arm-none-eabi/arm-gnu-toolchain-13.3.rel1-mingw-w64-i686-arm-none-eabi/bin/../lib/gcc/arm-none-eabi/13.3.1/thumb/v7e-m+fp/hard\libg.a(libc_a-freer.o)
                0x08007484                _free_r
 .text._malloc_r
                0x0800767c      0x564 D:/ProgramFiles/PATH/arm-gnu-toolchain-13.3.rel1-mingw-w64-i686-arm-none-eabi/arm-gnu-toolchain-13.3.rel1-mingw-w64-i686-arm-none-eabi/bin/../lib/gcc/arm-none-eabi/13.3.1/thumb/v7e-m+fp/hard\libg.a(libc_a-mallocr.o)
                0x0800767c                _malloc_r
 .text.__malloc_lock
                0x08007be0        0xc D:/ProgramFiles/PATH/arm-gnu-toolchain-13.3.rel1-mingw-w64-i686-arm-none-eabi/arm-gnu-toolchain-13.3.rel1-mingw-w64-i686-arm-none-eabi/bin/../lib/gcc/arm-none-eabi/13.3.1/thumb/v7e-m+fp/hard\libg.a(libc_a-mlock.o)
                0x08007be0                __malloc_lock
 .text.__malloc_unlock
                0x08007bec        0xc D:/ProgramFiles/PATH/arm-gnu-toolchain-13.3.rel1-mingw-w64-i686-arm-none-eabi/arm-gnu-toolchain-13.3.rel1-mingw-w64-i686-arm-none-eabi/bin/../lib/gcc/arm-none-eabi/13.3.1/thumb/v7e-m+fp/hard\libg.a(libc_a-mlock.o)
                0x08007bec                __malloc_unlock
 .text._svfprintf_r
                0x08007bf8     0x1b3c D:/ProgramFiles/PATH/arm-gnu-toolchain-13.3.rel1-mingw-w64-i686-arm-none-eabi/arm-gnu-toolchain-13.3.rel1-mingw-w64-i686-arm-none-eabi/bin/../lib/gcc/arm-none-eabi/13.3.1/thumb/v7e-m+fp/hard\libg.a(libc_a-svfprintf.o)
                0x08007bf8                _svfprintf_r
 .text.__ssprint_r
                0x08009734       0x58 D:/ProgramFiles/PATH/arm-gnu-toolchain-13.3.rel1-mingw-w64-i686-arm-none-eabi/arm-gnu-toolchain-13.3.rel1-mingw-w64-i686-arm-none-eabi/bin/../lib/gcc/arm-none-eabi/13.3.1/thumb/v7e-m+fp/hard\libg.a(libc_a-ssprint_r.o)
                0x08009734                __ssprint_r
 .text._fclose_r
                0x0800978c       0xc0 D:/ProgramFiles/PATH/arm-gnu-toolchain-13.3.rel1-mingw-w64-i686-arm-none-eabi/arm-gnu-toolchain-13.3.rel1-mingw-w64-i686-arm-none-eabi/bin/../lib/gcc/arm-none-eabi/13.3.1/thumb/v7e-m+fp/hard\libg.a(libc_a-fclose.o)
                0x0800978c                _fclose_r
 .text.__sflush_r
                0x0800984c      0x138 D:/ProgramFiles/PATH/arm-gnu-toolchain-13.3.rel1-mingw-w64-i686-arm-none-eabi/arm-gnu-toolchain-13.3.rel1-mingw-w64-i686-arm-none-eabi/bin/../lib/gcc/arm-none-eabi/13.3.1/thumb/v7e-m+fp/hard\libg.a(libc_a-fflush.o)
                0x0800984c                __sflush_r
 .text._fflush_r
                0x08009984       0x54 D:/ProgramFiles/PATH/arm-gnu-toolchain-13.3.rel1-mingw-w64-i686-arm-none-eabi/arm-gnu-toolchain-13.3.rel1-mingw-w64-i686-arm-none-eabi/bin/../lib/gcc/arm-none-eabi/13.3.1/thumb/v7e-m+fp/hard\libg.a(libc_a-fflush.o)
                0x08009984                _fflush_r
 .text.strncpy  0x080099d8       0x68 D:/ProgramFiles/PATH/arm-gnu-toolchain-13.3.rel1-mingw-w64-i686-arm-none-eabi/arm-gnu-toolchain-13.3.rel1-mingw-w64-i686-arm-none-eabi/bin/../lib/gcc/arm-none-eabi/13.3.1/thumb/v7e-m+fp/hard\libg.a(libc_a-strncpy.o)
                0x080099d8                strncpy
 .text.__locale_mb_cur_max
                0x08009a40        0xc D:/ProgramFiles/PATH/arm-gnu-toolchain-13.3.rel1-mingw-w64-i686-arm-none-eabi/arm-gnu-toolchain-13.3.rel1-mingw-w64-i686-arm-none-eabi/bin/../lib/gcc/arm-none-eabi/13.3.1/thumb/v7e-m+fp/hard\libg.a(libc_a-locale.o)
                0x08009a40                __locale_mb_cur_max
 .text._localeconv_r
                0x08009a4c        0x8 D:/ProgramFiles/PATH/arm-gnu-toolchain-13.3.rel1-mingw-w64-i686-arm-none-eabi/arm-gnu-toolchain-13.3.rel1-mingw-w64-i686-arm-none-eabi/bin/../lib/gcc/arm-none-eabi/13.3.1/thumb/v7e-m+fp/hard\libg.a(libc_a-localeconv.o)
                0x08009a4c                _localeconv_r
 .text._sbrk_r  0x08009a54       0x24 D:/ProgramFiles/PATH/arm-gnu-toolchain-13.3.rel1-mingw-w64-i686-arm-none-eabi/arm-gnu-toolchain-13.3.rel1-mingw-w64-i686-arm-none-eabi/bin/../lib/gcc/arm-none-eabi/13.3.1/thumb/v7e-m+fp/hard\libg.a(libc_a-sbrkr.o)
                0x08009a54                _sbrk_r
 .text.__libc_fini_array
                0x08009a78       0x28 D:/ProgramFiles/PATH/arm-gnu-toolchain-13.3.rel1-mingw-w64-i686-arm-none-eabi/arm-gnu-toolchain-13.3.rel1-mingw-w64-i686-arm-none-eabi/bin/../lib/gcc/arm-none-eabi/13.3.1/thumb/v7e-m+fp/hard\libg.a(libc_a-fini.o)
                0x08009a78                __libc_fini_array
 .text.sysconf  0x08009aa0       0x1c D:/ProgramFiles/PATH/arm-gnu-toolchain-13.3.rel1-mingw-w64-i686-arm-none-eabi/arm-gnu-toolchain-13.3.rel1-mingw-w64-i686-arm-none-eabi/bin/../lib/gcc/arm-none-eabi/13.3.1/thumb/v7e-m+fp/hard\libg.a(libc_a-sysconf.o)
                0x08009aa0                sysconf
 .text.frexp    0x08009abc       0x64 D:/ProgramFiles/PATH/arm-gnu-toolchain-13.3.rel1-mingw-w64-i686-arm-none-eabi/arm-gnu-toolchain-13.3.rel1-mingw-w64-i686-arm-none-eabi/bin/../lib/gcc/arm-none-eabi/13.3.1/thumb/v7e-m+fp/hard\libg.a(libm_a-s_frexp.o)
                0x08009abc                frexp
 .text.__register_exitproc
                0x08009b20       0x80 D:/ProgramFiles/PATH/arm-gnu-toolchain-13.3.rel1-mingw-w64-i686-arm-none-eabi/arm-gnu-toolchain-13.3.rel1-mingw-w64-i686-arm-none-eabi/bin/../lib/gcc/arm-none-eabi/13.3.1/thumb/v7e-m+fp/hard\libg.a(libc_a-__atexit.o)
                0x08009b20                __register_exitproc
 .text.quorem   0x08009ba0      0x12c D:/ProgramFiles/PATH/arm-gnu-toolchain-13.3.rel1-mingw-w64-i686-arm-none-eabi/arm-gnu-toolchain-13.3.rel1-mingw-w64-i686-arm-none-eabi/bin/../lib/gcc/arm-none-eabi/13.3.1/thumb/v7e-m+fp/hard\libg.a(libc_a-dtoa.o)
 *fill*         0x08009ccc        0x4 
 .text._dtoa_r  0x08009cd0      0xe80 D:/ProgramFiles/PATH/arm-gnu-toolchain-13.3.rel1-mingw-w64-i686-arm-none-eabi/arm-gnu-toolchain-13.3.rel1-mingw-w64-i686-arm-none-eabi/bin/../lib/gcc/arm-none-eabi/13.3.1/thumb/v7e-m+fp/hard\libg.a(libc_a-dtoa.o)
                0x08009cd0                _dtoa_r
 .text.__ascii_mbtowc
                0x0800ab50       0x2c D:/ProgramFiles/PATH/arm-gnu-toolchain-13.3.rel1-mingw-w64-i686-arm-none-eabi/arm-gnu-toolchain-13.3.rel1-mingw-w64-i686-arm-none-eabi/bin/../lib/gcc/arm-none-eabi/13.3.1/thumb/v7e-m+fp/hard\libg.a(libc_a-mbtowc_r.o)
                0x0800ab50                __ascii_mbtowc
 .text._Balloc  0x0800ab7c       0x4c D:/ProgramFiles/PATH/arm-gnu-toolchain-13.3.rel1-mingw-w64-i686-arm-none-eabi/arm-gnu-toolchain-13.3.rel1-mingw-w64-i686-arm-none-eabi/bin/../lib/gcc/arm-none-eabi/13.3.1/thumb/v7e-m+fp/hard\libg.a(libc_a-mprec.o)
                0x0800ab7c                _Balloc
 .text._Bfree   0x0800abc8       0x14 D:/ProgramFiles/PATH/arm-gnu-toolchain-13.3.rel1-mingw-w64-i686-arm-none-eabi/arm-gnu-toolchain-13.3.rel1-mingw-w64-i686-arm-none-eabi/bin/../lib/gcc/arm-none-eabi/13.3.1/thumb/v7e-m+fp/hard\libg.a(libc_a-mprec.o)
                0x0800abc8                _Bfree
 .text.__multadd
                0x0800abdc       0xa0 D:/ProgramFiles/PATH/arm-gnu-toolchain-13.3.rel1-mingw-w64-i686-arm-none-eabi/arm-gnu-toolchain-13.3.rel1-mingw-w64-i686-arm-none-eabi/bin/../lib/gcc/arm-none-eabi/13.3.1/thumb/v7e-m+fp/hard\libg.a(libc_a-mprec.o)
                0x0800abdc                __multadd
 .text.__hi0bits
                0x0800ac7c       0x44 D:/ProgramFiles/PATH/arm-gnu-toolchain-13.3.rel1-mingw-w64-i686-arm-none-eabi/arm-gnu-toolchain-13.3.rel1-mingw-w64-i686-arm-none-eabi/bin/../lib/gcc/arm-none-eabi/13.3.1/thumb/v7e-m+fp/hard\libg.a(libc_a-mprec.o)
                0x0800ac7c                __hi0bits
 .text.__lo0bits
                0x0800acc0       0x60 D:/ProgramFiles/PATH/arm-gnu-toolchain-13.3.rel1-mingw-w64-i686-arm-none-eabi/arm-gnu-toolchain-13.3.rel1-mingw-w64-i686-arm-none-eabi/bin/../lib/gcc/arm-none-eabi/13.3.1/thumb/v7e-m+fp/hard\libg.a(libc_a-mprec.o)
                0x0800acc0                __lo0bits
 .text.__i2b    0x0800ad20       0x5c D:/ProgramFiles/PATH/arm-gnu-toolchain-13.3.rel1-mingw-w64-i686-arm-none-eabi/arm-gnu-toolchain-13.3.rel1-mingw-w64-i686-arm-none-eabi/bin/../lib/gcc/arm-none-eabi/13.3.1/thumb/v7e-m+fp/hard\libg.a(libc_a-mprec.o)
                0x0800ad20                __i2b
 .text.__multiply
                0x0800ad7c      0x16c D:/ProgramFiles/PATH/arm-gnu-toolchain-13.3.rel1-mingw-w64-i686-arm-none-eabi/arm-gnu-toolchain-13.3.rel1-mingw-w64-i686-arm-none-eabi/bin/../lib/gcc/arm-none-eabi/13.3.1/thumb/v7e-m+fp/hard\libg.a(libc_a-mprec.o)
                0x0800ad7c                __multiply
 .text.__pow5mult
                0x0800aee8       0xb4 D:/ProgramFiles/PATH/arm-gnu-toolchain-13.3.rel1-mingw-w64-i686-arm-none-eabi/arm-gnu-toolchain-13.3.rel1-mingw-w64-i686-arm-none-eabi/bin/../lib/gcc/arm-none-eabi/13.3.1/thumb/v7e-m+fp/hard\libg.a(libc_a-mprec.o)
                0x0800aee8                __pow5mult
 .text.__lshift
                0x0800af9c       0xf0 D:/ProgramFiles/PATH/arm-gnu-toolchain-13.3.rel1-mingw-w64-i686-arm-none-eabi/arm-gnu-toolchain-13.3.rel1-mingw-w64-i686-arm-none-eabi/bin/../lib/gcc/arm-none-eabi/13.3.1/thumb/v7e-m+fp/hard\libg.a(libc_a-mprec.o)
                0x0800af9c                __lshift
 .text.__mcmp   0x0800b08c       0x44 D:/ProgramFiles/PATH/arm-gnu-toolchain-13.3.rel1-mingw-w64-i686-arm-none-eabi/arm-gnu-toolchain-13.3.rel1-mingw-w64-i686-arm-none-eabi/bin/../lib/gcc/arm-none-eabi/13.3.1/thumb/v7e-m+fp/hard\libg.a(libc_a-mprec.o)
                0x0800b08c                __mcmp
 .text.__mdiff  0x0800b0d0      0x178 D:/ProgramFiles/PATH/arm-gnu-toolchain-13.3.rel1-mingw-w64-i686-arm-none-eabi/arm-gnu-toolchain-13.3.rel1-mingw-w64-i686-arm-none-eabi/bin/../lib/gcc/arm-none-eabi/13.3.1/thumb/v7e-m+fp/hard\libg.a(libc_a-mprec.o)
                0x0800b0d0                __mdiff
 .text.__d2b    0x0800b248       0xc0 D:/ProgramFiles/PATH/arm-gnu-toolchain-13.3.rel1-mingw-w64-i686-arm-none-eabi/arm-gnu-toolchain-13.3.rel1-mingw-w64-i686-arm-none-eabi/bin/../lib/gcc/arm-none-eabi/13.3.1/thumb/v7e-m+fp/hard\libg.a(libc_a-mprec.o)
                0x0800b248                __d2b
 .text.__ascii_wctomb
                0x0800b308       0x1c D:/ProgramFiles/PATH/arm-gnu-toolchain-13.3.rel1-mingw-w64-i686-arm-none-eabi/arm-gnu-toolchain-13.3.rel1-mingw-w64-i686-arm-none-eabi/bin/../lib/gcc/arm-none-eabi/13.3.1/thumb/v7e-m+fp/hard\libg.a(libc_a-wctomb_r.o)
                0x0800b308                __ascii_wctomb
 .text._wcrtomb_r
                0x0800b324       0x4c D:/ProgramFiles/PATH/arm-gnu-toolchain-13.3.rel1-mingw-w64-i686-arm-none-eabi/arm-gnu-toolchain-13.3.rel1-mingw-w64-i686-arm-none-eabi/bin/../lib/gcc/arm-none-eabi/13.3.1/thumb/v7e-m+fp/hard\libg.a(libc_a-wcrtomb.o)
                0x0800b324                _wcrtomb_r
 .text._wcsrtombs_r
                0x0800b370       0x18 D:/ProgramFiles/PATH/arm-gnu-toolchain-13.3.rel1-mingw-w64-i686-arm-none-eabi/arm-gnu-toolchain-13.3.rel1-mingw-w64-i686-arm-none-eabi/bin/../lib/gcc/arm-none-eabi/13.3.1/thumb/v7e-m+fp/hard\libg.a(libc_a-wcsrtombs.o)
                0x0800b370                _wcsrtombs_r
 .text.__ssputs_r
                0x0800b388       0xc0 D:/ProgramFiles/PATH/arm-gnu-toolchain-13.3.rel1-mingw-w64-i686-arm-none-eabi/arm-gnu-toolchain-13.3.rel1-mingw-w64-i686-arm-none-eabi/bin/../lib/gcc/arm-none-eabi/13.3.1/thumb/v7e-m+fp/hard\libg.a(libc_a-ssputs_r.o)
                0x0800b388                __ssputs_r
 .text.memmove  0x0800b448      0x100 D:/ProgramFiles/PATH/arm-gnu-toolchain-13.3.rel1-mingw-w64-i686-arm-none-eabi/arm-gnu-toolchain-13.3.rel1-mingw-w64-i686-arm-none-eabi/bin/../lib/gcc/arm-none-eabi/13.3.1/thumb/v7e-m+fp/hard\libg.a(libc_a-memmove.o)
                0x0800b448                memmove
 .text.__assert_func
                0x0800b548       0x40 D:/ProgramFiles/PATH/arm-gnu-toolchain-13.3.rel1-mingw-w64-i686-arm-none-eabi/arm-gnu-toolchain-13.3.rel1-mingw-w64-i686-arm-none-eabi/bin/../lib/gcc/arm-none-eabi/13.3.1/thumb/v7e-m+fp/hard\libg.a(libc_a-assert.o)
                0x0800b548                __assert_func
 .text._calloc_r
                0x0800b588       0x6c D:/ProgramFiles/PATH/arm-gnu-toolchain-13.3.rel1-mingw-w64-i686-arm-none-eabi/arm-gnu-toolchain-13.3.rel1-mingw-w64-i686-arm-none-eabi/bin/../lib/gcc/arm-none-eabi/13.3.1/thumb/v7e-m+fp/hard\libg.a(libc_a-callocr.o)
                0x0800b588                _calloc_r
 .text._realloc_r
                0x0800b5f4      0x344 D:/ProgramFiles/PATH/arm-gnu-toolchain-13.3.rel1-mingw-w64-i686-arm-none-eabi/arm-gnu-toolchain-13.3.rel1-mingw-w64-i686-arm-none-eabi/bin/../lib/gcc/arm-none-eabi/13.3.1/thumb/v7e-m+fp/hard\libg.a(libc_a-reallocr.o)
                0x0800b5f4                _realloc_r
 .text._wcsnrtombs_l
                0x0800b938       0xfc D:/ProgramFiles/PATH/arm-gnu-toolchain-13.3.rel1-mingw-w64-i686-arm-none-eabi/arm-gnu-toolchain-13.3.rel1-mingw-w64-i686-arm-none-eabi/bin/../lib/gcc/arm-none-eabi/13.3.1/thumb/v7e-m+fp/hard\libg.a(libc_a-wcsnrtombs.o)
                0x0800b938                _wcsnrtombs_l
 .text._wcsnrtombs_r
                0x0800ba34       0x24 D:/ProgramFiles/PATH/arm-gnu-toolchain-13.3.rel1-mingw-w64-i686-arm-none-eabi/arm-gnu-toolchain-13.3.rel1-mingw-w64-i686-arm-none-eabi/bin/../lib/gcc/arm-none-eabi/13.3.1/thumb/v7e-m+fp/hard\libg.a(libc_a-wcsnrtombs.o)
                0x0800ba34                _wcsnrtombs_r
 .text.fiprintf
                0x0800ba58       0x28 D:/ProgramFiles/PATH/arm-gnu-toolchain-13.3.rel1-mingw-w64-i686-arm-none-eabi/arm-gnu-toolchain-13.3.rel1-mingw-w64-i686-arm-none-eabi/bin/../lib/gcc/arm-none-eabi/13.3.1/thumb/v7e-m+fp/hard\libg.a(libc_a-fiprintf.o)
                0x0800ba58                fiprintf
 .text._vfiprintf_r
                0x0800ba80      0xe68 D:/ProgramFiles/PATH/arm-gnu-toolchain-13.3.rel1-mingw-w64-i686-arm-none-eabi/arm-gnu-toolchain-13.3.rel1-mingw-w64-i686-arm-none-eabi/bin/../lib/gcc/arm-none-eabi/13.3.1/thumb/v7e-m+fp/hard\libg.a(libc_a-vfiprintf.o)
                0x0800ba80                _vfiprintf_r
 .text.__sbprintf
                0x0800c8e8       0x80 D:/ProgramFiles/PATH/arm-gnu-toolchain-13.3.rel1-mingw-w64-i686-arm-none-eabi/arm-gnu-toolchain-13.3.rel1-mingw-w64-i686-arm-none-eabi/bin/../lib/gcc/arm-none-eabi/13.3.1/thumb/v7e-m+fp/hard\libg.a(libc_a-vfiprintf.o)
 .text.__sprint_r
                0x0800c968       0x20 D:/ProgramFiles/PATH/arm-gnu-toolchain-13.3.rel1-mingw-w64-i686-arm-none-eabi/arm-gnu-toolchain-13.3.rel1-mingw-w64-i686-arm-none-eabi/bin/../lib/gcc/arm-none-eabi/13.3.1/thumb/v7e-m+fp/hard\libg.a(libc_a-sprint_r.o)
                0x0800c968                __sprint_r
 .text.__sfvwrite_r
                0x0800c988      0x300 D:/ProgramFiles/PATH/arm-gnu-toolchain-13.3.rel1-mingw-w64-i686-arm-none-eabi/arm-gnu-toolchain-13.3.rel1-mingw-w64-i686-arm-none-eabi/bin/../lib/gcc/arm-none-eabi/13.3.1/thumb/v7e-m+fp/hard\libg.a(libc_a-fvwrite.o)
                0x0800c988                __sfvwrite_r
 .text.__swsetup_r
                0x0800cc88       0xc4 D:/ProgramFiles/PATH/arm-gnu-toolchain-13.3.rel1-mingw-w64-i686-arm-none-eabi/arm-gnu-toolchain-13.3.rel1-mingw-w64-i686-arm-none-eabi/bin/../lib/gcc/arm-none-eabi/13.3.1/thumb/v7e-m+fp/hard\libg.a(libc_a-wsetup.o)
                0x0800cc88                __swsetup_r
 .text.abort    0x0800cd4c       0x10 D:/ProgramFiles/PATH/arm-gnu-toolchain-13.3.rel1-mingw-w64-i686-arm-none-eabi/arm-gnu-toolchain-13.3.rel1-mingw-w64-i686-arm-none-eabi/bin/../lib/gcc/arm-none-eabi/13.3.1/thumb/v7e-m+fp/hard\libg.a(libc_a-abort.o)
                0x0800cd4c                abort
 .text.__smakebuf_r
                0x0800cd5c       0xdc D:/ProgramFiles/PATH/arm-gnu-toolchain-13.3.rel1-mingw-w64-i686-arm-none-eabi/arm-gnu-toolchain-13.3.rel1-mingw-w64-i686-arm-none-eabi/bin/../lib/gcc/arm-none-eabi/13.3.1/thumb/v7e-m+fp/hard\libg.a(libc_a-makebuf.o)
                0x0800cd5c                __smakebuf_r
 .text.raise    0x0800ce38       0x58 D:/ProgramFiles/PATH/arm-gnu-toolchain-13.3.rel1-mingw-w64-i686-arm-none-eabi/arm-gnu-toolchain-13.3.rel1-mingw-w64-i686-arm-none-eabi/bin/../lib/gcc/arm-none-eabi/13.3.1/thumb/v7e-m+fp/hard\libg.a(libc_a-signal.o)
                0x0800ce38                raise
 .text._fstat_r
                0x0800ce90       0x2c D:/ProgramFiles/PATH/arm-gnu-toolchain-13.3.rel1-mingw-w64-i686-arm-none-eabi/arm-gnu-toolchain-13.3.rel1-mingw-w64-i686-arm-none-eabi/bin/../lib/gcc/arm-none-eabi/13.3.1/thumb/v7e-m+fp/hard\libg.a(libc_a-fstatr.o)
                0x0800ce90                _fstat_r
 .text._isatty_r
                0x0800cebc       0x24 D:/ProgramFiles/PATH/arm-gnu-toolchain-13.3.rel1-mingw-w64-i686-arm-none-eabi/arm-gnu-toolchain-13.3.rel1-mingw-w64-i686-arm-none-eabi/bin/../lib/gcc/arm-none-eabi/13.3.1/thumb/v7e-m+fp/hard\libg.a(libc_a-isattyr.o)
                0x0800cebc                _isatty_r
 .text._kill_r  0x0800cee0       0x2c D:/ProgramFiles/PATH/arm-gnu-toolchain-13.3.rel1-mingw-w64-i686-arm-none-eabi/arm-gnu-toolchain-13.3.rel1-mingw-w64-i686-arm-none-eabi/bin/../lib/gcc/arm-none-eabi/13.3.1/thumb/v7e-m+fp/hard\libg.a(libc_a-signalr.o)
                0x0800cee0                _kill_r
 .text._getpid_r
                0x0800cf0c        0x4 D:/ProgramFiles/PATH/arm-gnu-toolchain-13.3.rel1-mingw-w64-i686-arm-none-eabi/arm-gnu-toolchain-13.3.rel1-mingw-w64-i686-arm-none-eabi/bin/../lib/gcc/arm-none-eabi/13.3.1/thumb/v7e-m+fp/hard\libg.a(libc_a-signalr.o)
                0x0800cf0c                _getpid_r
 *(.glue_7)
 .glue_7        0x0800cf10        0x0 linker stubs
 *(.glue_7t)
 .glue_7t       0x0800cf10        0x0 linker stubs
 *(.eh_frame)
 .eh_frame      0x0800cf10        0x0 D:/ProgramFiles/PATH/arm-gnu-toolchain-13.3.rel1-mingw-w64-i686-arm-none-eabi/arm-gnu-toolchain-13.3.rel1-mingw-w64-i686-arm-none-eabi/bin/../lib/gcc/arm-none-eabi/13.3.1/thumb/v7e-m+fp/hard/crtbegin.o
 *(.init)
 .init          0x0800cf10        0x4 D:/ProgramFiles/PATH/arm-gnu-toolchain-13.3.rel1-mingw-w64-i686-arm-none-eabi/arm-gnu-toolchain-13.3.rel1-mingw-w64-i686-arm-none-eabi/bin/../lib/gcc/arm-none-eabi/13.3.1/thumb/v7e-m+fp/hard/crti.o
                0x0800cf10                _init
 .init          0x0800cf14        0x8 D:/ProgramFiles/PATH/arm-gnu-toolchain-13.3.rel1-mingw-w64-i686-arm-none-eabi/arm-gnu-toolchain-13.3.rel1-mingw-w64-i686-arm-none-eabi/bin/../lib/gcc/arm-none-eabi/13.3.1/thumb/v7e-m+fp/hard/crtn.o
 *(.fini)
 .fini          0x0800cf1c        0x4 D:/ProgramFiles/PATH/arm-gnu-toolchain-13.3.rel1-mingw-w64-i686-arm-none-eabi/arm-gnu-toolchain-13.3.rel1-mingw-w64-i686-arm-none-eabi/bin/../lib/gcc/arm-none-eabi/13.3.1/thumb/v7e-m+fp/hard/crti.o
                0x0800cf1c                _fini
 .fini          0x0800cf20        0x8 D:/ProgramFiles/PATH/arm-gnu-toolchain-13.3.rel1-mingw-w64-i686-arm-none-eabi/arm-gnu-toolchain-13.3.rel1-mingw-w64-i686-arm-none-eabi/bin/../lib/gcc/arm-none-eabi/13.3.1/thumb/v7e-m+fp/hard/crtn.o
                0x0800cf28                        . = ALIGN (0x4)
                0x0800cf28                        _etext = .

.vfp11_veneer   0x0800cf28        0x0
 .vfp11_veneer  0x0800cf28        0x0 linker stubs

.v4_bx          0x0800cf28        0x0
 .v4_bx         0x0800cf28        0x0 linker stubs

.iplt           0x0800cf28        0x0
 .iplt          0x0800cf28        0x0 D:/ProgramFiles/PATH/arm-gnu-toolchain-13.3.rel1-mingw-w64-i686-arm-none-eabi/arm-gnu-toolchain-13.3.rel1-mingw-w64-i686-arm-none-eabi/bin/../lib/gcc/arm-none-eabi/13.3.1/thumb/v7e-m+fp/hard/crtbegin.o

.rodata         0x0800cf28      0x4d4
                0x0800cf28                        . = ALIGN (0x4)
 *(.rodata)
 *(.rodata*)
 .rodata.str1.4
                0x0800cf28      0x203 CMakeFiles/Final_Project.elf.dir/Core/Src/freertos.c.obj
                                 0x22 (size before relaxing)
 *fill*         0x0800d12b        0x1 
 .rodata.light_Task_attributes
                0x0800d12c       0x24 CMakeFiles/Final_Project.elf.dir/Core/Src/freertos.c.obj
                0x0800d12c                light_Task_attributes
 .rodata.uart6_Task_attributes
                0x0800d150       0x24 CMakeFiles/Final_Project.elf.dir/Core/Src/freertos.c.obj
                0x0800d150                uart6_Task_attributes
 .rodata.can1_Task_attributes
                0x0800d174       0x24 CMakeFiles/Final_Project.elf.dir/Core/Src/freertos.c.obj
                0x0800d174                can1_Task_attributes
 .rodata.APBPrescTable
                0x0800d198        0x8 CMakeFiles/Final_Project.elf.dir/Core/Src/system_stm32f4xx.c.obj
                0x0800d198                APBPrescTable
 .rodata.AHBPrescTable
                0x0800d1a0       0x10 CMakeFiles/Final_Project.elf.dir/Core/Src/system_stm32f4xx.c.obj
                0x0800d1a0                AHBPrescTable
 .rodata.flagBitshiftOffset.0
                0x0800d1b0        0x8 CMakeFiles/Final_Project.elf.dir/Drivers/STM32F4xx_HAL_Driver/Src/stm32f4xx_hal_dma.c.obj
 .rodata.vTaskStartScheduler.str1.4
                0x0800d1b8        0x5 CMakeFiles/Final_Project.elf.dir/Middlewares/Third_Party/FreeRTOS/Source/tasks.c.obj
 .rodata.prvCheckForValidListAndQueue.str1.4
                0x0800d1b8        0x5 CMakeFiles/Final_Project.elf.dir/Middlewares/Third_Party/FreeRTOS/Source/timers.c.obj
 .rodata.xTimerCreateTimerTask.str1.4
                0x0800d1b8        0x8 CMakeFiles/Final_Project.elf.dir/Middlewares/Third_Party/FreeRTOS/Source/timers.c.obj
 .rodata.HAL_ADC_ConvCpltCallback.str1.4
                0x0800d1b8       0x20 CMakeFiles/Final_Project.elf.dir/bsp/interrupt.c.obj
 .rodata._svfprintf_r.str1.4
                0x0800d1b8       0x42 D:/ProgramFiles/PATH/arm-gnu-toolchain-13.3.rel1-mingw-w64-i686-arm-none-eabi/arm-gnu-toolchain-13.3.rel1-mingw-w64-i686-arm-none-eabi/bin/../lib/gcc/arm-none-eabi/13.3.1/thumb/v7e-m+fp/hard\libg.a(libc_a-svfprintf.o)
 .rodata.zeroes.0
                0x0800d1b8       0x10 D:/ProgramFiles/PATH/arm-gnu-toolchain-13.3.rel1-mingw-w64-i686-arm-none-eabi/arm-gnu-toolchain-13.3.rel1-mingw-w64-i686-arm-none-eabi/bin/../lib/gcc/arm-none-eabi/13.3.1/thumb/v7e-m+fp/hard\libg.a(libc_a-svfprintf.o)
 .rodata.blanks.1
                0x0800d1c8       0x10 D:/ProgramFiles/PATH/arm-gnu-toolchain-13.3.rel1-mingw-w64-i686-arm-none-eabi/arm-gnu-toolchain-13.3.rel1-mingw-w64-i686-arm-none-eabi/bin/../lib/gcc/arm-none-eabi/13.3.1/thumb/v7e-m+fp/hard\libg.a(libc_a-svfprintf.o)
 .rodata.str1.4
                0x0800d1d8       0x4c D:/ProgramFiles/PATH/arm-gnu-toolchain-13.3.rel1-mingw-w64-i686-arm-none-eabi/arm-gnu-toolchain-13.3.rel1-mingw-w64-i686-arm-none-eabi/bin/../lib/gcc/arm-none-eabi/13.3.1/thumb/v7e-m+fp/hard\libg.a(libc_a-locale.o)
 .rodata._dtoa_r.str1.4
                0x0800d1d8       0x81 D:/ProgramFiles/PATH/arm-gnu-toolchain-13.3.rel1-mingw-w64-i686-arm-none-eabi/arm-gnu-toolchain-13.3.rel1-mingw-w64-i686-arm-none-eabi/bin/../lib/gcc/arm-none-eabi/13.3.1/thumb/v7e-m+fp/hard\libg.a(libc_a-dtoa.o)
 .rodata.__multadd.str1.4
                0x0800d1d8       0x6e D:/ProgramFiles/PATH/arm-gnu-toolchain-13.3.rel1-mingw-w64-i686-arm-none-eabi/arm-gnu-toolchain-13.3.rel1-mingw-w64-i686-arm-none-eabi/bin/../lib/gcc/arm-none-eabi/13.3.1/thumb/v7e-m+fp/hard\libg.a(libc_a-mprec.o)
 .rodata.p05.0  0x0800d1d8        0xc D:/ProgramFiles/PATH/arm-gnu-toolchain-13.3.rel1-mingw-w64-i686-arm-none-eabi/arm-gnu-toolchain-13.3.rel1-mingw-w64-i686-arm-none-eabi/bin/../lib/gcc/arm-none-eabi/13.3.1/thumb/v7e-m+fp/hard\libg.a(libc_a-mprec.o)
 *fill*         0x0800d1e4        0x4 
 .rodata.__mprec_bigtens
                0x0800d1e8       0x28 D:/ProgramFiles/PATH/arm-gnu-toolchain-13.3.rel1-mingw-w64-i686-arm-none-eabi/arm-gnu-toolchain-13.3.rel1-mingw-w64-i686-arm-none-eabi/bin/../lib/gcc/arm-none-eabi/13.3.1/thumb/v7e-m+fp/hard\libg.a(libc_a-mprec.o)
                0x0800d1e8                __mprec_bigtens
 .rodata.__mprec_tens
                0x0800d210       0xc8 D:/ProgramFiles/PATH/arm-gnu-toolchain-13.3.rel1-mingw-w64-i686-arm-none-eabi/arm-gnu-toolchain-13.3.rel1-mingw-w64-i686-arm-none-eabi/bin/../lib/gcc/arm-none-eabi/13.3.1/thumb/v7e-m+fp/hard\libg.a(libc_a-mprec.o)
                0x0800d210                __mprec_tens
 .rodata._ctype_
                0x0800d2d8      0x101 D:/ProgramFiles/PATH/arm-gnu-toolchain-13.3.rel1-mingw-w64-i686-arm-none-eabi/arm-gnu-toolchain-13.3.rel1-mingw-w64-i686-arm-none-eabi/bin/../lib/gcc/arm-none-eabi/13.3.1/thumb/v7e-m+fp/hard\libg.a(libc_a-ctype_.o)
                0x0800d2d8                _ctype_
 .rodata.__assert_func.str1.4